Archive member included to satisfy reference by file (symbol)

d:/ides/microchip studio/7.0/toolchain/avr8/avr8-gnu-toolchain/bin/../lib/gcc/avr/5.4.0/../../../../avr/lib/avr5\libm.a(addsf3.o)
                              MCAL_2/TWI_Driver_2/TWI_2.o (__addsf3)
d:/ides/microchip studio/7.0/toolchain/avr8/avr8-gnu-toolchain/bin/../lib/gcc/avr/5.4.0/../../../../avr/lib/avr5\libm.a(addsf3x.o)
                              d:/ides/microchip studio/7.0/toolchain/avr8/avr8-gnu-toolchain/bin/../lib/gcc/avr/5.4.0/../../../../avr/lib/avr5\libm.a(addsf3.o) (__addsf3x)
d:/ides/microchip studio/7.0/toolchain/avr8/avr8-gnu-toolchain/bin/../lib/gcc/avr/5.4.0/../../../../avr/lib/avr5\libm.a(divsf3.o)
                              MCAL_2/TWI_Driver_2/TWI_2.o (__divsf3)
d:/ides/microchip studio/7.0/toolchain/avr8/avr8-gnu-toolchain/bin/../lib/gcc/avr/5.4.0/../../../../avr/lib/avr5\libm.a(divsf3x.o)
                              d:/ides/microchip studio/7.0/toolchain/avr8/avr8-gnu-toolchain/bin/../lib/gcc/avr/5.4.0/../../../../avr/lib/avr5\libm.a(divsf3.o) (__divsf3x)
d:/ides/microchip studio/7.0/toolchain/avr8/avr8-gnu-toolchain/bin/../lib/gcc/avr/5.4.0/../../../../avr/lib/avr5\libm.a(fixunssfsi.o)
                              MCAL_2/TWI_Driver_2/TWI_2.o (__fixunssfsi)
d:/ides/microchip studio/7.0/toolchain/avr8/avr8-gnu-toolchain/bin/../lib/gcc/avr/5.4.0/../../../../avr/lib/avr5\libm.a(floatsisf.o)
                              MCAL_2/TWI_Driver_2/TWI_2.o (__floatsisf)
d:/ides/microchip studio/7.0/toolchain/avr8/avr8-gnu-toolchain/bin/../lib/gcc/avr/5.4.0/../../../../avr/lib/avr5\libm.a(fp_inf.o)
                              d:/ides/microchip studio/7.0/toolchain/avr8/avr8-gnu-toolchain/bin/../lib/gcc/avr/5.4.0/../../../../avr/lib/avr5\libm.a(addsf3x.o) (__fp_inf)
d:/ides/microchip studio/7.0/toolchain/avr8/avr8-gnu-toolchain/bin/../lib/gcc/avr/5.4.0/../../../../avr/lib/avr5\libm.a(fp_nan.o)
                              d:/ides/microchip studio/7.0/toolchain/avr8/avr8-gnu-toolchain/bin/../lib/gcc/avr/5.4.0/../../../../avr/lib/avr5\libm.a(addsf3x.o) (__fp_nan)
d:/ides/microchip studio/7.0/toolchain/avr8/avr8-gnu-toolchain/bin/../lib/gcc/avr/5.4.0/../../../../avr/lib/avr5\libm.a(fp_pscA.o)
                              d:/ides/microchip studio/7.0/toolchain/avr8/avr8-gnu-toolchain/bin/../lib/gcc/avr/5.4.0/../../../../avr/lib/avr5\libm.a(addsf3x.o) (__fp_pscA)
d:/ides/microchip studio/7.0/toolchain/avr8/avr8-gnu-toolchain/bin/../lib/gcc/avr/5.4.0/../../../../avr/lib/avr5\libm.a(fp_pscB.o)
                              d:/ides/microchip studio/7.0/toolchain/avr8/avr8-gnu-toolchain/bin/../lib/gcc/avr/5.4.0/../../../../avr/lib/avr5\libm.a(addsf3x.o) (__fp_pscB)
d:/ides/microchip studio/7.0/toolchain/avr8/avr8-gnu-toolchain/bin/../lib/gcc/avr/5.4.0/../../../../avr/lib/avr5\libm.a(fp_round.o)
                              d:/ides/microchip studio/7.0/toolchain/avr8/avr8-gnu-toolchain/bin/../lib/gcc/avr/5.4.0/../../../../avr/lib/avr5\libm.a(addsf3.o) (__fp_round)
d:/ides/microchip studio/7.0/toolchain/avr8/avr8-gnu-toolchain/bin/../lib/gcc/avr/5.4.0/../../../../avr/lib/avr5\libm.a(fp_split3.o)
                              d:/ides/microchip studio/7.0/toolchain/avr8/avr8-gnu-toolchain/bin/../lib/gcc/avr/5.4.0/../../../../avr/lib/avr5\libm.a(addsf3x.o) (__fp_split3)
d:/ides/microchip studio/7.0/toolchain/avr8/avr8-gnu-toolchain/bin/../lib/gcc/avr/5.4.0/../../../../avr/lib/avr5\libm.a(fp_zero.o)
                              d:/ides/microchip studio/7.0/toolchain/avr8/avr8-gnu-toolchain/bin/../lib/gcc/avr/5.4.0/../../../../avr/lib/avr5\libm.a(addsf3x.o) (__fp_zero)
d:/ides/microchip studio/7.0/toolchain/avr8/avr8-gnu-toolchain/bin/../lib/gcc/avr/5.4.0/../../../../avr/lib/avr5\libm.a(pow.o)
                              MCAL_2/TWI_Driver_2/TWI_2.o (pow)
d:/ides/microchip studio/7.0/toolchain/avr8/avr8-gnu-toolchain/bin/../lib/gcc/avr/5.4.0/../../../../avr/lib/avr5\libm.a(exp.o)
                              d:/ides/microchip studio/7.0/toolchain/avr8/avr8-gnu-toolchain/bin/../lib/gcc/avr/5.4.0/../../../../avr/lib/avr5\libm.a(pow.o) (exp)
d:/ides/microchip studio/7.0/toolchain/avr8/avr8-gnu-toolchain/bin/../lib/gcc/avr/5.4.0/../../../../avr/lib/avr5\libm.a(fp_powser.o)
                              d:/ides/microchip studio/7.0/toolchain/avr8/avr8-gnu-toolchain/bin/../lib/gcc/avr/5.4.0/../../../../avr/lib/avr5\libm.a(exp.o) (__fp_powser)
d:/ides/microchip studio/7.0/toolchain/avr8/avr8-gnu-toolchain/bin/../lib/gcc/avr/5.4.0/../../../../avr/lib/avr5\libm.a(inverse.o)
                              d:/ides/microchip studio/7.0/toolchain/avr8/avr8-gnu-toolchain/bin/../lib/gcc/avr/5.4.0/../../../../avr/lib/avr5\libm.a(exp.o) (inverse)
d:/ides/microchip studio/7.0/toolchain/avr8/avr8-gnu-toolchain/bin/../lib/gcc/avr/5.4.0/../../../../avr/lib/avr5\libm.a(ldexp.o)
                              d:/ides/microchip studio/7.0/toolchain/avr8/avr8-gnu-toolchain/bin/../lib/gcc/avr/5.4.0/../../../../avr/lib/avr5\libm.a(exp.o) (ldexp)
d:/ides/microchip studio/7.0/toolchain/avr8/avr8-gnu-toolchain/bin/../lib/gcc/avr/5.4.0/../../../../avr/lib/avr5\libm.a(log.o)
                              d:/ides/microchip studio/7.0/toolchain/avr8/avr8-gnu-toolchain/bin/../lib/gcc/avr/5.4.0/../../../../avr/lib/avr5\libm.a(pow.o) (log)
d:/ides/microchip studio/7.0/toolchain/avr8/avr8-gnu-toolchain/bin/../lib/gcc/avr/5.4.0/../../../../avr/lib/avr5\libm.a(modf.o)
                              d:/ides/microchip studio/7.0/toolchain/avr8/avr8-gnu-toolchain/bin/../lib/gcc/avr/5.4.0/../../../../avr/lib/avr5\libm.a(exp.o) (modf)
d:/ides/microchip studio/7.0/toolchain/avr8/avr8-gnu-toolchain/bin/../lib/gcc/avr/5.4.0/../../../../avr/lib/avr5\libm.a(mulsf3.o)
                              d:/ides/microchip studio/7.0/toolchain/avr8/avr8-gnu-toolchain/bin/../lib/gcc/avr/5.4.0/../../../../avr/lib/avr5\libm.a(pow.o) (__mulsf3)
d:/ides/microchip studio/7.0/toolchain/avr8/avr8-gnu-toolchain/bin/../lib/gcc/avr/5.4.0/../../../../avr/lib/avr5\libm.a(mulsf3x.o)
                              d:/ides/microchip studio/7.0/toolchain/avr8/avr8-gnu-toolchain/bin/../lib/gcc/avr/5.4.0/../../../../avr/lib/avr5\libm.a(fp_powser.o) (__mulsf3x)
d:/ides/microchip studio/7.0/toolchain/avr8/avr8-gnu-toolchain/bin/../lib/gcc/avr/5.4.0/../../../../avr/lib/avr5\libm.a(fp_mpack.o)
                              d:/ides/microchip studio/7.0/toolchain/avr8/avr8-gnu-toolchain/bin/../lib/gcc/avr/5.4.0/../../../../avr/lib/avr5\libm.a(ldexp.o) (__fp_mpack)
d:/ides/microchip studio/7.0/toolchain/avr8/avr8-gnu-toolchain/bin/../lib/gcc/avr/5.4.0/avr5\libgcc.a(_exit.o)
                              D:/IDEs/Microchip studio/7.0/Packs/atmel/ATmega_DFP/1.6.364/gcc/dev/atmega32a/avr5/crtatmega32a.o (exit)
d:/ides/microchip studio/7.0/toolchain/avr8/avr8-gnu-toolchain/bin/../lib/gcc/avr/5.4.0/avr5\libgcc.a(_copy_data.o)
                              APP_2/APP_2.o (__do_copy_data)
d:/ides/microchip studio/7.0/toolchain/avr8/avr8-gnu-toolchain/bin/../lib/gcc/avr/5.4.0/avr5\libgcc.a(_clear_bss.o)
                              APP_2/APP_2.o (__do_clear_bss)

Allocating common symbols
Common symbol       size              file

wrong_pass          0x1               APP_2/APP_2.o

Discarded input sections

 .data          0x00000000        0x0 D:/IDEs/Microchip studio/7.0/Packs/atmel/ATmega_DFP/1.6.364/gcc/dev/atmega32a/avr5/crtatmega32a.o
 .bss           0x00000000        0x0 D:/IDEs/Microchip studio/7.0/Packs/atmel/ATmega_DFP/1.6.364/gcc/dev/atmega32a/avr5/crtatmega32a.o
 .text          0x00000000        0x0 APP_2/APP_2.o
 .data          0x00000000        0x0 APP_2/APP_2.o
 .bss           0x00000000        0x0 APP_2/APP_2.o
 .text          0x00000000        0x0 ECUAL_2/EEPROM/EEPROM.o
 .data          0x00000000        0x0 ECUAL_2/EEPROM/EEPROM.o
 .bss           0x00000000        0x0 ECUAL_2/EEPROM/EEPROM.o
 .text.EEPROM_write_byte
                0x00000000       0x24 ECUAL_2/EEPROM/EEPROM.o
 .text.EEPROM_read_byte
                0x00000000       0x34 ECUAL_2/EEPROM/EEPROM.o
 .text          0x00000000        0x0 ECUAL_2/MOTOR_Driver/motor.o
 .data          0x00000000        0x0 ECUAL_2/MOTOR_Driver/motor.o
 .bss           0x00000000        0x0 ECUAL_2/MOTOR_Driver/motor.o
 .text          0x00000000        0x0 main_MCU_2.o
 .data          0x00000000        0x0 main_MCU_2.o
 .bss           0x00000000        0x0 main_MCU_2.o
 .text          0x00000000        0x0 MCAL_2/DIO_Driver_2/DIO_2.o
 .data          0x00000000        0x0 MCAL_2/DIO_Driver_2/DIO_2.o
 .bss           0x00000000        0x0 MCAL_2/DIO_Driver_2/DIO_2.o
 .text.DIO_read
                0x00000000       0xc8 MCAL_2/DIO_Driver_2/DIO_2.o
 .text          0x00000000        0x0 MCAL_2/INTURREPTS_Driver/interrupts.o
 .data          0x00000000        0x0 MCAL_2/INTURREPTS_Driver/interrupts.o
 .bss           0x00000000        0x0 MCAL_2/INTURREPTS_Driver/interrupts.o
 .text          0x00000000        0x0 MCAL_2/TIMER_Driver/timer.o
 .data          0x00000000        0x0 MCAL_2/TIMER_Driver/timer.o
 .bss           0x00000000        0x0 MCAL_2/TIMER_Driver/timer.o
 .text.timer2_timer_reset
                0x00000000        0xc MCAL_2/TIMER_Driver/timer.o
 .text          0x00000000        0x0 MCAL_2/TWI_Driver_2/TWI_2.o
 .data          0x00000000        0x0 MCAL_2/TWI_Driver_2/TWI_2.o
 .bss           0x00000000        0x0 MCAL_2/TWI_Driver_2/TWI_2.o
 .text.TWI_read_nack
                0x00000000       0x1a MCAL_2/TWI_Driver_2/TWI_2.o
 .text.TWI_get_status
                0x00000000        0x6 MCAL_2/TWI_Driver_2/TWI_2.o
 .text          0x00000000        0x0 MCAL_2/UART_Driver_2/UART_2.o
 .data          0x00000000        0x0 MCAL_2/UART_Driver_2/UART_2.o
 .bss           0x00000000        0x0 MCAL_2/UART_Driver_2/UART_2.o
 .text          0x00000000        0x0 d:/ides/microchip studio/7.0/toolchain/avr8/avr8-gnu-toolchain/bin/../lib/gcc/avr/5.4.0/../../../../avr/lib/avr5\libm.a(addsf3.o)
 .data          0x00000000        0x0 d:/ides/microchip studio/7.0/toolchain/avr8/avr8-gnu-toolchain/bin/../lib/gcc/avr/5.4.0/../../../../avr/lib/avr5\libm.a(addsf3.o)
 .bss           0x00000000        0x0 d:/ides/microchip studio/7.0/toolchain/avr8/avr8-gnu-toolchain/bin/../lib/gcc/avr/5.4.0/../../../../avr/lib/avr5\libm.a(addsf3.o)
 .text          0x00000000        0x0 d:/ides/microchip studio/7.0/toolchain/avr8/avr8-gnu-toolchain/bin/../lib/gcc/avr/5.4.0/../../../../avr/lib/avr5\libm.a(addsf3x.o)
 .data          0x00000000        0x0 d:/ides/microchip studio/7.0/toolchain/avr8/avr8-gnu-toolchain/bin/../lib/gcc/avr/5.4.0/../../../../avr/lib/avr5\libm.a(addsf3x.o)
 .bss           0x00000000        0x0 d:/ides/microchip studio/7.0/toolchain/avr8/avr8-gnu-toolchain/bin/../lib/gcc/avr/5.4.0/../../../../avr/lib/avr5\libm.a(addsf3x.o)
 .text          0x00000000        0x0 d:/ides/microchip studio/7.0/toolchain/avr8/avr8-gnu-toolchain/bin/../lib/gcc/avr/5.4.0/../../../../avr/lib/avr5\libm.a(divsf3.o)
 .data          0x00000000        0x0 d:/ides/microchip studio/7.0/toolchain/avr8/avr8-gnu-toolchain/bin/../lib/gcc/avr/5.4.0/../../../../avr/lib/avr5\libm.a(divsf3.o)
 .bss           0x00000000        0x0 d:/ides/microchip studio/7.0/toolchain/avr8/avr8-gnu-toolchain/bin/../lib/gcc/avr/5.4.0/../../../../avr/lib/avr5\libm.a(divsf3.o)
 .text          0x00000000        0x0 d:/ides/microchip studio/7.0/toolchain/avr8/avr8-gnu-toolchain/bin/../lib/gcc/avr/5.4.0/../../../../avr/lib/avr5\libm.a(divsf3x.o)
 .data          0x00000000        0x0 d:/ides/microchip studio/7.0/toolchain/avr8/avr8-gnu-toolchain/bin/../lib/gcc/avr/5.4.0/../../../../avr/lib/avr5\libm.a(divsf3x.o)
 .bss           0x00000000        0x0 d:/ides/microchip studio/7.0/toolchain/avr8/avr8-gnu-toolchain/bin/../lib/gcc/avr/5.4.0/../../../../avr/lib/avr5\libm.a(divsf3x.o)
 .text          0x00000000        0x0 d:/ides/microchip studio/7.0/toolchain/avr8/avr8-gnu-toolchain/bin/../lib/gcc/avr/5.4.0/../../../../avr/lib/avr5\libm.a(fixunssfsi.o)
 .data          0x00000000        0x0 d:/ides/microchip studio/7.0/toolchain/avr8/avr8-gnu-toolchain/bin/../lib/gcc/avr/5.4.0/../../../../avr/lib/avr5\libm.a(fixunssfsi.o)
 .bss           0x00000000        0x0 d:/ides/microchip studio/7.0/toolchain/avr8/avr8-gnu-toolchain/bin/../lib/gcc/avr/5.4.0/../../../../avr/lib/avr5\libm.a(fixunssfsi.o)
 .text          0x00000000        0x0 d:/ides/microchip studio/7.0/toolchain/avr8/avr8-gnu-toolchain/bin/../lib/gcc/avr/5.4.0/../../../../avr/lib/avr5\libm.a(floatsisf.o)
 .data          0x00000000        0x0 d:/ides/microchip studio/7.0/toolchain/avr8/avr8-gnu-toolchain/bin/../lib/gcc/avr/5.4.0/../../../../avr/lib/avr5\libm.a(floatsisf.o)
 .bss           0x00000000        0x0 d:/ides/microchip studio/7.0/toolchain/avr8/avr8-gnu-toolchain/bin/../lib/gcc/avr/5.4.0/../../../../avr/lib/avr5\libm.a(floatsisf.o)
 .text          0x00000000        0x0 d:/ides/microchip studio/7.0/toolchain/avr8/avr8-gnu-toolchain/bin/../lib/gcc/avr/5.4.0/../../../../avr/lib/avr5\libm.a(fp_inf.o)
 .data          0x00000000        0x0 d:/ides/microchip studio/7.0/toolchain/avr8/avr8-gnu-toolchain/bin/../lib/gcc/avr/5.4.0/../../../../avr/lib/avr5\libm.a(fp_inf.o)
 .bss           0x00000000        0x0 d:/ides/microchip studio/7.0/toolchain/avr8/avr8-gnu-toolchain/bin/../lib/gcc/avr/5.4.0/../../../../avr/lib/avr5\libm.a(fp_inf.o)
 .text          0x00000000        0x0 d:/ides/microchip studio/7.0/toolchain/avr8/avr8-gnu-toolchain/bin/../lib/gcc/avr/5.4.0/../../../../avr/lib/avr5\libm.a(fp_nan.o)
 .data          0x00000000        0x0 d:/ides/microchip studio/7.0/toolchain/avr8/avr8-gnu-toolchain/bin/../lib/gcc/avr/5.4.0/../../../../avr/lib/avr5\libm.a(fp_nan.o)
 .bss           0x00000000        0x0 d:/ides/microchip studio/7.0/toolchain/avr8/avr8-gnu-toolchain/bin/../lib/gcc/avr/5.4.0/../../../../avr/lib/avr5\libm.a(fp_nan.o)
 .text          0x00000000        0x0 d:/ides/microchip studio/7.0/toolchain/avr8/avr8-gnu-toolchain/bin/../lib/gcc/avr/5.4.0/../../../../avr/lib/avr5\libm.a(fp_pscA.o)
 .data          0x00000000        0x0 d:/ides/microchip studio/7.0/toolchain/avr8/avr8-gnu-toolchain/bin/../lib/gcc/avr/5.4.0/../../../../avr/lib/avr5\libm.a(fp_pscA.o)
 .bss           0x00000000        0x0 d:/ides/microchip studio/7.0/toolchain/avr8/avr8-gnu-toolchain/bin/../lib/gcc/avr/5.4.0/../../../../avr/lib/avr5\libm.a(fp_pscA.o)
 .text          0x00000000        0x0 d:/ides/microchip studio/7.0/toolchain/avr8/avr8-gnu-toolchain/bin/../lib/gcc/avr/5.4.0/../../../../avr/lib/avr5\libm.a(fp_pscB.o)
 .data          0x00000000        0x0 d:/ides/microchip studio/7.0/toolchain/avr8/avr8-gnu-toolchain/bin/../lib/gcc/avr/5.4.0/../../../../avr/lib/avr5\libm.a(fp_pscB.o)
 .bss           0x00000000        0x0 d:/ides/microchip studio/7.0/toolchain/avr8/avr8-gnu-toolchain/bin/../lib/gcc/avr/5.4.0/../../../../avr/lib/avr5\libm.a(fp_pscB.o)
 .text          0x00000000        0x0 d:/ides/microchip studio/7.0/toolchain/avr8/avr8-gnu-toolchain/bin/../lib/gcc/avr/5.4.0/../../../../avr/lib/avr5\libm.a(fp_round.o)
 .data          0x00000000        0x0 d:/ides/microchip studio/7.0/toolchain/avr8/avr8-gnu-toolchain/bin/../lib/gcc/avr/5.4.0/../../../../avr/lib/avr5\libm.a(fp_round.o)
 .bss           0x00000000        0x0 d:/ides/microchip studio/7.0/toolchain/avr8/avr8-gnu-toolchain/bin/../lib/gcc/avr/5.4.0/../../../../avr/lib/avr5\libm.a(fp_round.o)
 .text          0x00000000        0x0 d:/ides/microchip studio/7.0/toolchain/avr8/avr8-gnu-toolchain/bin/../lib/gcc/avr/5.4.0/../../../../avr/lib/avr5\libm.a(fp_split3.o)
 .data          0x00000000        0x0 d:/ides/microchip studio/7.0/toolchain/avr8/avr8-gnu-toolchain/bin/../lib/gcc/avr/5.4.0/../../../../avr/lib/avr5\libm.a(fp_split3.o)
 .bss           0x00000000        0x0 d:/ides/microchip studio/7.0/toolchain/avr8/avr8-gnu-toolchain/bin/../lib/gcc/avr/5.4.0/../../../../avr/lib/avr5\libm.a(fp_split3.o)
 .text          0x00000000        0x0 d:/ides/microchip studio/7.0/toolchain/avr8/avr8-gnu-toolchain/bin/../lib/gcc/avr/5.4.0/../../../../avr/lib/avr5\libm.a(fp_zero.o)
 .data          0x00000000        0x0 d:/ides/microchip studio/7.0/toolchain/avr8/avr8-gnu-toolchain/bin/../lib/gcc/avr/5.4.0/../../../../avr/lib/avr5\libm.a(fp_zero.o)
 .bss           0x00000000        0x0 d:/ides/microchip studio/7.0/toolchain/avr8/avr8-gnu-toolchain/bin/../lib/gcc/avr/5.4.0/../../../../avr/lib/avr5\libm.a(fp_zero.o)
 .text          0x00000000        0x0 d:/ides/microchip studio/7.0/toolchain/avr8/avr8-gnu-toolchain/bin/../lib/gcc/avr/5.4.0/../../../../avr/lib/avr5\libm.a(pow.o)
 .data          0x00000000        0x0 d:/ides/microchip studio/7.0/toolchain/avr8/avr8-gnu-toolchain/bin/../lib/gcc/avr/5.4.0/../../../../avr/lib/avr5\libm.a(pow.o)
 .bss           0x00000000        0x0 d:/ides/microchip studio/7.0/toolchain/avr8/avr8-gnu-toolchain/bin/../lib/gcc/avr/5.4.0/../../../../avr/lib/avr5\libm.a(pow.o)
 .text          0x00000000        0x0 d:/ides/microchip studio/7.0/toolchain/avr8/avr8-gnu-toolchain/bin/../lib/gcc/avr/5.4.0/../../../../avr/lib/avr5\libm.a(exp.o)
 .data          0x00000000        0x0 d:/ides/microchip studio/7.0/toolchain/avr8/avr8-gnu-toolchain/bin/../lib/gcc/avr/5.4.0/../../../../avr/lib/avr5\libm.a(exp.o)
 .bss           0x00000000        0x0 d:/ides/microchip studio/7.0/toolchain/avr8/avr8-gnu-toolchain/bin/../lib/gcc/avr/5.4.0/../../../../avr/lib/avr5\libm.a(exp.o)
 .text          0x00000000        0x0 d:/ides/microchip studio/7.0/toolchain/avr8/avr8-gnu-toolchain/bin/../lib/gcc/avr/5.4.0/../../../../avr/lib/avr5\libm.a(fp_powser.o)
 .data          0x00000000        0x0 d:/ides/microchip studio/7.0/toolchain/avr8/avr8-gnu-toolchain/bin/../lib/gcc/avr/5.4.0/../../../../avr/lib/avr5\libm.a(fp_powser.o)
 .bss           0x00000000        0x0 d:/ides/microchip studio/7.0/toolchain/avr8/avr8-gnu-toolchain/bin/../lib/gcc/avr/5.4.0/../../../../avr/lib/avr5\libm.a(fp_powser.o)
 .text          0x00000000        0x0 d:/ides/microchip studio/7.0/toolchain/avr8/avr8-gnu-toolchain/bin/../lib/gcc/avr/5.4.0/../../../../avr/lib/avr5\libm.a(inverse.o)
 .data          0x00000000        0x0 d:/ides/microchip studio/7.0/toolchain/avr8/avr8-gnu-toolchain/bin/../lib/gcc/avr/5.4.0/../../../../avr/lib/avr5\libm.a(inverse.o)
 .bss           0x00000000        0x0 d:/ides/microchip studio/7.0/toolchain/avr8/avr8-gnu-toolchain/bin/../lib/gcc/avr/5.4.0/../../../../avr/lib/avr5\libm.a(inverse.o)
 .text          0x00000000        0x0 d:/ides/microchip studio/7.0/toolchain/avr8/avr8-gnu-toolchain/bin/../lib/gcc/avr/5.4.0/../../../../avr/lib/avr5\libm.a(ldexp.o)
 .data          0x00000000        0x0 d:/ides/microchip studio/7.0/toolchain/avr8/avr8-gnu-toolchain/bin/../lib/gcc/avr/5.4.0/../../../../avr/lib/avr5\libm.a(ldexp.o)
 .bss           0x00000000        0x0 d:/ides/microchip studio/7.0/toolchain/avr8/avr8-gnu-toolchain/bin/../lib/gcc/avr/5.4.0/../../../../avr/lib/avr5\libm.a(ldexp.o)
 .text          0x00000000        0x0 d:/ides/microchip studio/7.0/toolchain/avr8/avr8-gnu-toolchain/bin/../lib/gcc/avr/5.4.0/../../../../avr/lib/avr5\libm.a(log.o)
 .data          0x00000000        0x0 d:/ides/microchip studio/7.0/toolchain/avr8/avr8-gnu-toolchain/bin/../lib/gcc/avr/5.4.0/../../../../avr/lib/avr5\libm.a(log.o)
 .bss           0x00000000        0x0 d:/ides/microchip studio/7.0/toolchain/avr8/avr8-gnu-toolchain/bin/../lib/gcc/avr/5.4.0/../../../../avr/lib/avr5\libm.a(log.o)
 .text          0x00000000        0x0 d:/ides/microchip studio/7.0/toolchain/avr8/avr8-gnu-toolchain/bin/../lib/gcc/avr/5.4.0/../../../../avr/lib/avr5\libm.a(modf.o)
 .data          0x00000000        0x0 d:/ides/microchip studio/7.0/toolchain/avr8/avr8-gnu-toolchain/bin/../lib/gcc/avr/5.4.0/../../../../avr/lib/avr5\libm.a(modf.o)
 .bss           0x00000000        0x0 d:/ides/microchip studio/7.0/toolchain/avr8/avr8-gnu-toolchain/bin/../lib/gcc/avr/5.4.0/../../../../avr/lib/avr5\libm.a(modf.o)
 .text          0x00000000        0x0 d:/ides/microchip studio/7.0/toolchain/avr8/avr8-gnu-toolchain/bin/../lib/gcc/avr/5.4.0/../../../../avr/lib/avr5\libm.a(mulsf3.o)
 .data          0x00000000        0x0 d:/ides/microchip studio/7.0/toolchain/avr8/avr8-gnu-toolchain/bin/../lib/gcc/avr/5.4.0/../../../../avr/lib/avr5\libm.a(mulsf3.o)
 .bss           0x00000000        0x0 d:/ides/microchip studio/7.0/toolchain/avr8/avr8-gnu-toolchain/bin/../lib/gcc/avr/5.4.0/../../../../avr/lib/avr5\libm.a(mulsf3.o)
 .text          0x00000000        0x0 d:/ides/microchip studio/7.0/toolchain/avr8/avr8-gnu-toolchain/bin/../lib/gcc/avr/5.4.0/../../../../avr/lib/avr5\libm.a(mulsf3x.o)
 .data          0x00000000        0x0 d:/ides/microchip studio/7.0/toolchain/avr8/avr8-gnu-toolchain/bin/../lib/gcc/avr/5.4.0/../../../../avr/lib/avr5\libm.a(mulsf3x.o)
 .bss           0x00000000        0x0 d:/ides/microchip studio/7.0/toolchain/avr8/avr8-gnu-toolchain/bin/../lib/gcc/avr/5.4.0/../../../../avr/lib/avr5\libm.a(mulsf3x.o)
 .text          0x00000000        0x0 d:/ides/microchip studio/7.0/toolchain/avr8/avr8-gnu-toolchain/bin/../lib/gcc/avr/5.4.0/../../../../avr/lib/avr5\libm.a(fp_mpack.o)
 .data          0x00000000        0x0 d:/ides/microchip studio/7.0/toolchain/avr8/avr8-gnu-toolchain/bin/../lib/gcc/avr/5.4.0/../../../../avr/lib/avr5\libm.a(fp_mpack.o)
 .bss           0x00000000        0x0 d:/ides/microchip studio/7.0/toolchain/avr8/avr8-gnu-toolchain/bin/../lib/gcc/avr/5.4.0/../../../../avr/lib/avr5\libm.a(fp_mpack.o)
 .text          0x00000000        0x0 d:/ides/microchip studio/7.0/toolchain/avr8/avr8-gnu-toolchain/bin/../lib/gcc/avr/5.4.0/avr5\libgcc.a(_exit.o)
 .data          0x00000000        0x0 d:/ides/microchip studio/7.0/toolchain/avr8/avr8-gnu-toolchain/bin/../lib/gcc/avr/5.4.0/avr5\libgcc.a(_exit.o)
 .bss           0x00000000        0x0 d:/ides/microchip studio/7.0/toolchain/avr8/avr8-gnu-toolchain/bin/../lib/gcc/avr/5.4.0/avr5\libgcc.a(_exit.o)
 .text.libgcc.mul
                0x00000000        0x0 d:/ides/microchip studio/7.0/toolchain/avr8/avr8-gnu-toolchain/bin/../lib/gcc/avr/5.4.0/avr5\libgcc.a(_exit.o)
 .text.libgcc.div
                0x00000000        0x0 d:/ides/microchip studio/7.0/toolchain/avr8/avr8-gnu-toolchain/bin/../lib/gcc/avr/5.4.0/avr5\libgcc.a(_exit.o)
 .text.libgcc   0x00000000        0x0 d:/ides/microchip studio/7.0/toolchain/avr8/avr8-gnu-toolchain/bin/../lib/gcc/avr/5.4.0/avr5\libgcc.a(_exit.o)
 .text.libgcc.prologue
                0x00000000        0x0 d:/ides/microchip studio/7.0/toolchain/avr8/avr8-gnu-toolchain/bin/../lib/gcc/avr/5.4.0/avr5\libgcc.a(_exit.o)
 .text.libgcc.builtins
                0x00000000        0x0 d:/ides/microchip studio/7.0/toolchain/avr8/avr8-gnu-toolchain/bin/../lib/gcc/avr/5.4.0/avr5\libgcc.a(_exit.o)
 .text.libgcc.fmul
                0x00000000        0x0 d:/ides/microchip studio/7.0/toolchain/avr8/avr8-gnu-toolchain/bin/../lib/gcc/avr/5.4.0/avr5\libgcc.a(_exit.o)
 .text.libgcc.fixed
                0x00000000        0x0 d:/ides/microchip studio/7.0/toolchain/avr8/avr8-gnu-toolchain/bin/../lib/gcc/avr/5.4.0/avr5\libgcc.a(_exit.o)
 .text          0x00000000        0x0 d:/ides/microchip studio/7.0/toolchain/avr8/avr8-gnu-toolchain/bin/../lib/gcc/avr/5.4.0/avr5\libgcc.a(_copy_data.o)
 .data          0x00000000        0x0 d:/ides/microchip studio/7.0/toolchain/avr8/avr8-gnu-toolchain/bin/../lib/gcc/avr/5.4.0/avr5\libgcc.a(_copy_data.o)
 .bss           0x00000000        0x0 d:/ides/microchip studio/7.0/toolchain/avr8/avr8-gnu-toolchain/bin/../lib/gcc/avr/5.4.0/avr5\libgcc.a(_copy_data.o)
 .text.libgcc.mul
                0x00000000        0x0 d:/ides/microchip studio/7.0/toolchain/avr8/avr8-gnu-toolchain/bin/../lib/gcc/avr/5.4.0/avr5\libgcc.a(_copy_data.o)
 .text.libgcc.div
                0x00000000        0x0 d:/ides/microchip studio/7.0/toolchain/avr8/avr8-gnu-toolchain/bin/../lib/gcc/avr/5.4.0/avr5\libgcc.a(_copy_data.o)
 .text.libgcc   0x00000000        0x0 d:/ides/microchip studio/7.0/toolchain/avr8/avr8-gnu-toolchain/bin/../lib/gcc/avr/5.4.0/avr5\libgcc.a(_copy_data.o)
 .text.libgcc.prologue
                0x00000000        0x0 d:/ides/microchip studio/7.0/toolchain/avr8/avr8-gnu-toolchain/bin/../lib/gcc/avr/5.4.0/avr5\libgcc.a(_copy_data.o)
 .text.libgcc.builtins
                0x00000000        0x0 d:/ides/microchip studio/7.0/toolchain/avr8/avr8-gnu-toolchain/bin/../lib/gcc/avr/5.4.0/avr5\libgcc.a(_copy_data.o)
 .text.libgcc.fmul
                0x00000000        0x0 d:/ides/microchip studio/7.0/toolchain/avr8/avr8-gnu-toolchain/bin/../lib/gcc/avr/5.4.0/avr5\libgcc.a(_copy_data.o)
 .text.libgcc.fixed
                0x00000000        0x0 d:/ides/microchip studio/7.0/toolchain/avr8/avr8-gnu-toolchain/bin/../lib/gcc/avr/5.4.0/avr5\libgcc.a(_copy_data.o)
 .text          0x00000000        0x0 d:/ides/microchip studio/7.0/toolchain/avr8/avr8-gnu-toolchain/bin/../lib/gcc/avr/5.4.0/avr5\libgcc.a(_clear_bss.o)
 .data          0x00000000        0x0 d:/ides/microchip studio/7.0/toolchain/avr8/avr8-gnu-toolchain/bin/../lib/gcc/avr/5.4.0/avr5\libgcc.a(_clear_bss.o)
 .bss           0x00000000        0x0 d:/ides/microchip studio/7.0/toolchain/avr8/avr8-gnu-toolchain/bin/../lib/gcc/avr/5.4.0/avr5\libgcc.a(_clear_bss.o)
 .text.libgcc.mul
                0x00000000        0x0 d:/ides/microchip studio/7.0/toolchain/avr8/avr8-gnu-toolchain/bin/../lib/gcc/avr/5.4.0/avr5\libgcc.a(_clear_bss.o)
 .text.libgcc.div
                0x00000000        0x0 d:/ides/microchip studio/7.0/toolchain/avr8/avr8-gnu-toolchain/bin/../lib/gcc/avr/5.4.0/avr5\libgcc.a(_clear_bss.o)
 .text.libgcc   0x00000000        0x0 d:/ides/microchip studio/7.0/toolchain/avr8/avr8-gnu-toolchain/bin/../lib/gcc/avr/5.4.0/avr5\libgcc.a(_clear_bss.o)
 .text.libgcc.prologue
                0x00000000        0x0 d:/ides/microchip studio/7.0/toolchain/avr8/avr8-gnu-toolchain/bin/../lib/gcc/avr/5.4.0/avr5\libgcc.a(_clear_bss.o)
 .text.libgcc.builtins
                0x00000000        0x0 d:/ides/microchip studio/7.0/toolchain/avr8/avr8-gnu-toolchain/bin/../lib/gcc/avr/5.4.0/avr5\libgcc.a(_clear_bss.o)
 .text.libgcc.fmul
                0x00000000        0x0 d:/ides/microchip studio/7.0/toolchain/avr8/avr8-gnu-toolchain/bin/../lib/gcc/avr/5.4.0/avr5\libgcc.a(_clear_bss.o)
 .text.libgcc.fixed
                0x00000000        0x0 d:/ides/microchip studio/7.0/toolchain/avr8/avr8-gnu-toolchain/bin/../lib/gcc/avr/5.4.0/avr5\libgcc.a(_clear_bss.o)

Memory Configuration

Name             Origin             Length             Attributes
text             0x00000000         0x00008000         xr
data             0x00800060         0x00000800         rw !x
eeprom           0x00810000         0x00000400         rw !x
fuse             0x00820000         0x00000002         rw !x
lock             0x00830000         0x00000400         rw !x
signature        0x00840000         0x00000400         rw !x
user_signatures  0x00850000         0x00000400         rw !x
*default*        0x00000000         0xffffffff

Linker script and memory map

LOAD D:/IDEs/Microchip studio/7.0/Packs/atmel/ATmega_DFP/1.6.364/gcc/dev/atmega32a/avr5/crtatmega32a.o
LOAD APP_2/APP_2.o
LOAD ECUAL_2/EEPROM/EEPROM.o
LOAD ECUAL_2/MOTOR_Driver/motor.o
LOAD main_MCU_2.o
LOAD MCAL_2/DIO_Driver_2/DIO_2.o
LOAD MCAL_2/INTURREPTS_Driver/interrupts.o
LOAD MCAL_2/TIMER_Driver/timer.o
LOAD MCAL_2/TWI_Driver_2/TWI_2.o
LOAD MCAL_2/UART_Driver_2/UART_2.o
START GROUP
LOAD d:/ides/microchip studio/7.0/toolchain/avr8/avr8-gnu-toolchain/bin/../lib/gcc/avr/5.4.0/../../../../avr/lib/avr5\libm.a
END GROUP
START GROUP
LOAD d:/ides/microchip studio/7.0/toolchain/avr8/avr8-gnu-toolchain/bin/../lib/gcc/avr/5.4.0/avr5\libgcc.a
LOAD d:/ides/microchip studio/7.0/toolchain/avr8/avr8-gnu-toolchain/bin/../lib/gcc/avr/5.4.0/../../../../avr/lib/avr5\libm.a
LOAD d:/ides/microchip studio/7.0/toolchain/avr8/avr8-gnu-toolchain/bin/../lib/gcc/avr/5.4.0/../../../../avr/lib/avr5\libc.a
LOAD D:/IDEs/Microchip studio/7.0/Packs/atmel/ATmega_DFP/1.6.364/gcc/dev/atmega32a/avr5\libatmega32a.a
END GROUP
                [0x00000000]                __TEXT_REGION_ORIGIN__ = DEFINED (__TEXT_REGION_ORIGIN__)?__TEXT_REGION_ORIGIN__:0x0
                [0x00800060]                __DATA_REGION_ORIGIN__ = DEFINED (__DATA_REGION_ORIGIN__)?__DATA_REGION_ORIGIN__:0x800060
                [0x00008000]                __TEXT_REGION_LENGTH__ = DEFINED (__TEXT_REGION_LENGTH__)?__TEXT_REGION_LENGTH__:0x20000
                [0x00000800]                __DATA_REGION_LENGTH__ = DEFINED (__DATA_REGION_LENGTH__)?__DATA_REGION_LENGTH__:0xffa0
                [0x00000400]                __EEPROM_REGION_LENGTH__ = DEFINED (__EEPROM_REGION_LENGTH__)?__EEPROM_REGION_LENGTH__:0x10000
                [0x00000002]                __FUSE_REGION_LENGTH__ = DEFINED (__FUSE_REGION_LENGTH__)?__FUSE_REGION_LENGTH__:0x400
                0x00000400                __LOCK_REGION_LENGTH__ = DEFINED (__LOCK_REGION_LENGTH__)?__LOCK_REGION_LENGTH__:0x400
                0x00000400                __SIGNATURE_REGION_LENGTH__ = DEFINED (__SIGNATURE_REGION_LENGTH__)?__SIGNATURE_REGION_LENGTH__:0x400
                0x00000400                __USER_SIGNATURE_REGION_LENGTH__ = DEFINED (__USER_SIGNATURE_REGION_LENGTH__)?__USER_SIGNATURE_REGION_LENGTH__:0x400

.hash
 *(.hash)

.dynsym
 *(.dynsym)

.dynstr
 *(.dynstr)

.gnu.version
 *(.gnu.version)

.gnu.version_d
 *(.gnu.version_d)

.gnu.version_r
 *(.gnu.version_r)

.rel.init
 *(.rel.init)

.rela.init
 *(.rela.init)

.rel.text
 *(.rel.text)
 *(.rel.text.*)
 *(.rel.gnu.linkonce.t*)

.rela.text
 *(.rela.text)
 *(.rela.text.*)
 *(.rela.gnu.linkonce.t*)

.rel.fini
 *(.rel.fini)

.rela.fini
 *(.rela.fini)

.rel.rodata
 *(.rel.rodata)
 *(.rel.rodata.*)
 *(.rel.gnu.linkonce.r*)

.rela.rodata
 *(.rela.rodata)
 *(.rela.rodata.*)
 *(.rela.gnu.linkonce.r*)

.rel.data
 *(.rel.data)
 *(.rel.data.*)
 *(.rel.gnu.linkonce.d*)

.rela.data
 *(.rela.data)
 *(.rela.data.*)
 *(.rela.gnu.linkonce.d*)

.rel.ctors
 *(.rel.ctors)

.rela.ctors
 *(.rela.ctors)

.rel.dtors
 *(.rel.dtors)

.rela.dtors
 *(.rela.dtors)

.rel.got
 *(.rel.got)

.rela.got
 *(.rela.got)

.rel.bss
 *(.rel.bss)

.rela.bss
 *(.rela.bss)

.rel.plt
 *(.rel.plt)

.rela.plt
 *(.rela.plt)

.text           0x00000000     0x1034
 *(.vectors)
 .vectors       0x00000000       0x54 D:/IDEs/Microchip studio/7.0/Packs/atmel/ATmega_DFP/1.6.364/gcc/dev/atmega32a/avr5/crtatmega32a.o
                0x00000000                __vector_default
                0x00000000                __vectors
 *(.vectors)
 *(.progmem.gcc*)
 .progmem.gcc_fplib
                0x00000054       0x28 d:/ides/microchip studio/7.0/toolchain/avr8/avr8-gnu-toolchain/bin/../lib/gcc/avr/5.4.0/../../../../avr/lib/avr5\libm.a(exp.o)
 .progmem.gcc_fplib
                0x0000007c       0x5a d:/ides/microchip studio/7.0/toolchain/avr8/avr8-gnu-toolchain/bin/../lib/gcc/avr/5.4.0/../../../../avr/lib/avr5\libm.a(log.o)
                0x000000d6                . = ALIGN (0x2)
                0x000000d6                __trampolines_start = .
 *(.trampolines)
 .trampolines   0x000000d6        0x0 linker stubs
 *(.trampolines*)
                0x000000d6                __trampolines_end = .
 *libprintf_flt.a:*(.progmem.data)
 *libc.a:*(.progmem.data)
 *(.progmem*)
                0x000000d6                . = ALIGN (0x2)
 *(.jumptables)
 *(.jumptables*)
 *(.lowtext)
 *(.lowtext*)
                0x000000d6                __ctors_start = .
 *(.ctors)
                0x000000d6                __ctors_end = .
                0x000000d6                __dtors_start = .
 *(.dtors)
                0x000000d6                __dtors_end = .
 SORT(*)(.ctors)
 SORT(*)(.dtors)
 *(.init0)
 .init0         0x000000d6        0x0 D:/IDEs/Microchip studio/7.0/Packs/atmel/ATmega_DFP/1.6.364/gcc/dev/atmega32a/avr5/crtatmega32a.o
                0x000000d6                __init
 *(.init0)
 *(.init1)
 *(.init1)
 *(.init2)
 .init2         0x000000d6        0xc D:/IDEs/Microchip studio/7.0/Packs/atmel/ATmega_DFP/1.6.364/gcc/dev/atmega32a/avr5/crtatmega32a.o
 *(.init2)
 *(.init3)
 *(.init3)
 *(.init4)
 .init4         0x000000e2       0x16 d:/ides/microchip studio/7.0/toolchain/avr8/avr8-gnu-toolchain/bin/../lib/gcc/avr/5.4.0/avr5\libgcc.a(_copy_data.o)
                0x000000e2                __do_copy_data
 .init4         0x000000f8       0x10 d:/ides/microchip studio/7.0/toolchain/avr8/avr8-gnu-toolchain/bin/../lib/gcc/avr/5.4.0/avr5\libgcc.a(_clear_bss.o)
                0x000000f8                __do_clear_bss
 *(.init4)
 *(.init5)
 *(.init5)
 *(.init6)
 *(.init6)
 *(.init7)
 *(.init7)
 *(.init8)
 *(.init8)
 *(.init9)
 .init9         0x00000108        0x8 D:/IDEs/Microchip studio/7.0/Packs/atmel/ATmega_DFP/1.6.364/gcc/dev/atmega32a/avr5/crtatmega32a.o
 *(.init9)
 *(.text)
 .text          0x00000110        0x4 D:/IDEs/Microchip studio/7.0/Packs/atmel/ATmega_DFP/1.6.364/gcc/dev/atmega32a/avr5/crtatmega32a.o
                0x00000110                __vector_1
                0x00000110                __vector_12
                0x00000110                __bad_interrupt
                0x00000110                __vector_6
                0x00000110                __vector_3
                0x00000110                __vector_11
                0x00000110                __vector_13
                0x00000110                __vector_17
                0x00000110                __vector_19
                0x00000110                __vector_7
                0x00000110                __vector_4
                0x00000110                __vector_9
                0x00000110                __vector_2
                0x00000110                __vector_15
                0x00000110                __vector_8
                0x00000110                __vector_14
                0x00000110                __vector_10
                0x00000110                __vector_16
                0x00000110                __vector_18
                0x00000110                __vector_20
                0x00000114                . = ALIGN (0x2)
 *(.text.*)
 .text.app_init
                0x00000114       0x36 APP_2/APP_2.o
                0x00000114                app_init
 .text.reset_pass_array
                0x0000014a       0x20 APP_2/APP_2.o
                0x0000014a                reset_pass_array
 .text.compare_incoming_pass
                0x0000016a       0x3e APP_2/APP_2.o
                0x0000016a                compare_incoming_pass
 .text.set_new_pass
                0x000001a8       0x12 APP_2/APP_2.o
                0x000001a8                set_new_pass
 .text.app_start
                0x000001ba       0xc8 APP_2/APP_2.o
                0x000001ba                app_start
 .text.EEPROM_init
                0x00000282        0x6 ECUAL_2/EEPROM/EEPROM.o
                0x00000282                EEPROM_init
 .text.EEPROM_write_string
                0x00000288       0x3c ECUAL_2/EEPROM/EEPROM.o
                0x00000288                EEPROM_write_string
 .text.EEPROM_read_string
                0x000002c4       0x44 ECUAL_2/EEPROM/EEPROM.o
                0x000002c4                EEPROM_read_string
 .text.motor_init
                0x00000308       0x20 ECUAL_2/MOTOR_Driver/motor.o
                0x00000308                motor_init
 .text.motor_turn_cw
                0x00000328       0x20 ECUAL_2/MOTOR_Driver/motor.o
                0x00000328                motor_turn_cw
 .text.motor_turn_anti_cw
                0x00000348       0x20 ECUAL_2/MOTOR_Driver/motor.o
                0x00000348                motor_turn_anti_cw
 .text.motor_brake
                0x00000368       0x20 ECUAL_2/MOTOR_Driver/motor.o
                0x00000368                motor_brake
 .text.motor_response
                0x00000388       0x5a ECUAL_2/MOTOR_Driver/motor.o
                0x00000388                motor_response
 .text.main     0x000003e2        0xe main_MCU_2.o
                0x000003e2                main
 .text.DIO_init
                0x000003f0       0xf4 MCAL_2/DIO_Driver_2/DIO_2.o
                0x000003f0                DIO_init
 .text.DIO_write
                0x000004e4       0xf4 MCAL_2/DIO_Driver_2/DIO_2.o
                0x000004e4                DIO_write
 .text.DIO_toggle
                0x000005d8       0x6e MCAL_2/DIO_Driver_2/DIO_2.o
                0x000005d8                DIO_toggle
 .text.enable_global_interrupts
                0x00000646        0x8 MCAL_2/INTURREPTS_Driver/interrupts.o
                0x00000646                enable_global_interrupts
 .text.timer2_enable_overflow_interrupt
                0x0000064e        0x8 MCAL_2/INTURREPTS_Driver/interrupts.o
                0x0000064e                timer2_enable_overflow_interrupt
 .text.timer2_select_mode
                0x00000656       0x32 MCAL_2/TIMER_Driver/timer.o
                0x00000656                timer2_select_mode
 .text.timer2_set_initial_value
                0x00000688        0x4 MCAL_2/TIMER_Driver/timer.o
                0x00000688                timer2_set_initial_value
 .text.timer2_timer_start
                0x0000068c       0x6a MCAL_2/TIMER_Driver/timer.o
                0x0000068c                timer2_timer_start
 .text.timer2_timer_stop
                0x000006f6        0x8 MCAL_2/TIMER_Driver/timer.o
                0x000006f6                timer2_timer_stop
 .text.__vector_5
                0x000006fe       0x60 MCAL_2/TIMER_Driver/timer.o
                0x000006fe                __vector_5
 .text.TWI_init
                0x0000075e       0x40 MCAL_2/TWI_Driver_2/TWI_2.o
                0x0000075e                TWI_init
 .text.TWI_start
                0x0000079e       0x2e MCAL_2/TWI_Driver_2/TWI_2.o
                0x0000079e                TWI_start
 .text.TWI_write_addr
                0x000007cc       0x16 MCAL_2/TWI_Driver_2/TWI_2.o
                0x000007cc                TWI_write_addr
 .text.TWI_write_data
                0x000007e2       0x16 MCAL_2/TWI_Driver_2/TWI_2.o
                0x000007e2                TWI_write_data
 .text.TWI_read_ack
                0x000007f8       0x20 MCAL_2/TWI_Driver_2/TWI_2.o
                0x000007f8                TWI_read_ack
 .text.TWI_stop
                0x00000818        0xc MCAL_2/TWI_Driver_2/TWI_2.o
                0x00000818                TWI_stop
 .text.UART_set_BAUD
                0x00000824        0x6 MCAL_2/UART_Driver_2/UART_2.o
                0x00000824                UART_set_BAUD
 .text.UART_set_frame
                0x0000082a       0x96 MCAL_2/UART_Driver_2/UART_2.o
                0x0000082a                UART_set_frame
 .text.UART_init
                0x000008c0       0x1e MCAL_2/UART_Driver_2/UART_2.o
                0x000008c0                UART_init
 .text.UART_transmit
                0x000008de        0x8 MCAL_2/UART_Driver_2/UART_2.o
                0x000008de                UART_transmit
 .text.UART_receive
                0x000008e6        0x8 MCAL_2/UART_Driver_2/UART_2.o
                0x000008e6                UART_receive
 .text.UART_receiveString
                0x000008ee       0x26 MCAL_2/UART_Driver_2/UART_2.o
                0x000008ee                UART_receiveString
 .text.avr-libc.fplib
                0x00000914        0xe d:/ides/microchip studio/7.0/toolchain/avr8/avr8-gnu-toolchain/bin/../lib/gcc/avr/5.4.0/../../../../avr/lib/avr5\libm.a(addsf3.o)
                0x00000914                __subsf3
                0x00000916                __addsf3
 .text.avr-libc.fplib
                0x00000922       0xcc d:/ides/microchip studio/7.0/toolchain/avr8/avr8-gnu-toolchain/bin/../lib/gcc/avr/5.4.0/../../../../avr/lib/avr5\libm.a(addsf3x.o)
                0x00000944                __addsf3x
 .text.avr-libc.fplib
                0x000009ee        0x8 d:/ides/microchip studio/7.0/toolchain/avr8/avr8-gnu-toolchain/bin/../lib/gcc/avr/5.4.0/../../../../avr/lib/avr5\libm.a(divsf3.o)
                0x000009ee                __divsf3
 .text.avr-libc.fplib
                0x000009f6       0xdc d:/ides/microchip studio/7.0/toolchain/avr8/avr8-gnu-toolchain/bin/../lib/gcc/avr/5.4.0/../../../../avr/lib/avr5\libm.a(divsf3x.o)
                0x00000a16                __divsf3x
                0x00000a1c                __divsf3_pse
 .text.avr-libc.fplib
                0x00000ad2       0x5e d:/ides/microchip studio/7.0/toolchain/avr8/avr8-gnu-toolchain/bin/../lib/gcc/avr/5.4.0/../../../../avr/lib/avr5\libm.a(fixunssfsi.o)
                0x00000ad2                __fixunssfsi
 .text.avr-libc.fplib
                0x00000b30       0x7a d:/ides/microchip studio/7.0/toolchain/avr8/avr8-gnu-toolchain/bin/../lib/gcc/avr/5.4.0/../../../../avr/lib/avr5\libm.a(floatsisf.o)
                0x00000b30                __floatunsisf
                0x00000b34                __floatsisf
 .text.avr-libc.fplib
                0x00000baa        0xc d:/ides/microchip studio/7.0/toolchain/avr8/avr8-gnu-toolchain/bin/../lib/gcc/avr/5.4.0/../../../../avr/lib/avr5\libm.a(fp_inf.o)
                0x00000baa                __fp_inf
 .text.avr-libc.fplib
                0x00000bb6        0x6 d:/ides/microchip studio/7.0/toolchain/avr8/avr8-gnu-toolchain/bin/../lib/gcc/avr/5.4.0/../../../../avr/lib/avr5\libm.a(fp_nan.o)
                0x00000bb6                __fp_nan
 .text.avr-libc.fplib
                0x00000bbc        0xe d:/ides/microchip studio/7.0/toolchain/avr8/avr8-gnu-toolchain/bin/../lib/gcc/avr/5.4.0/../../../../avr/lib/avr5\libm.a(fp_pscA.o)
                0x00000bbc                __fp_pscA
 .text.avr-libc.fplib
                0x00000bca        0xe d:/ides/microchip studio/7.0/toolchain/avr8/avr8-gnu-toolchain/bin/../lib/gcc/avr/5.4.0/../../../../avr/lib/avr5\libm.a(fp_pscB.o)
                0x00000bca                __fp_pscB
 .text.avr-libc.fplib
                0x00000bd8       0x22 d:/ides/microchip studio/7.0/toolchain/avr8/avr8-gnu-toolchain/bin/../lib/gcc/avr/5.4.0/../../../../avr/lib/avr5\libm.a(fp_round.o)
                0x00000bd8                __fp_round
 .text.avr-libc.fplib
                0x00000bfa       0x44 d:/ides/microchip studio/7.0/toolchain/avr8/avr8-gnu-toolchain/bin/../lib/gcc/avr/5.4.0/../../../../avr/lib/avr5\libm.a(fp_split3.o)
                0x00000bfa                __fp_split3
                0x00000c0a                __fp_splitA
 .text.avr-libc.fplib
                0x00000c3e        0xe d:/ides/microchip studio/7.0/toolchain/avr8/avr8-gnu-toolchain/bin/../lib/gcc/avr/5.4.0/../../../../avr/lib/avr5\libm.a(fp_zero.o)
                0x00000c3e                __fp_zero
                0x00000c40                __fp_szero
 .text.avr-libc.fplib
                0x00000c4c       0xa0 d:/ides/microchip studio/7.0/toolchain/avr8/avr8-gnu-toolchain/bin/../lib/gcc/avr/5.4.0/../../../../avr/lib/avr5\libm.a(pow.o)
                0x00000c4c                pow
 .text.avr-libc.fplib
                0x00000cec       0x74 d:/ides/microchip studio/7.0/toolchain/avr8/avr8-gnu-toolchain/bin/../lib/gcc/avr/5.4.0/../../../../avr/lib/avr5\libm.a(exp.o)
                0x00000cfc                exp
 .text.avr-libc.fplib
                0x00000d60       0x4e d:/ides/microchip studio/7.0/toolchain/avr8/avr8-gnu-toolchain/bin/../lib/gcc/avr/5.4.0/../../../../avr/lib/avr5\libm.a(fp_powser.o)
                0x00000d60                __fp_powser
 .text.avr-libc.fplib
                0x00000dae       0x10 d:/ides/microchip studio/7.0/toolchain/avr8/avr8-gnu-toolchain/bin/../lib/gcc/avr/5.4.0/../../../../avr/lib/avr5\libm.a(inverse.o)
                0x00000dae                inverse
 .text.avr-libc.fplib
                0x00000dbe       0x74 d:/ides/microchip studio/7.0/toolchain/avr8/avr8-gnu-toolchain/bin/../lib/gcc/avr/5.4.0/../../../../avr/lib/avr5\libm.a(ldexp.o)
                0x00000dc6                ldexp
 .text.avr-libc.fplib
                0x00000e32       0xa0 d:/ides/microchip studio/7.0/toolchain/avr8/avr8-gnu-toolchain/bin/../lib/gcc/avr/5.4.0/../../../../avr/lib/avr5\libm.a(log.o)
                0x00000e42                log
 .text.avr-libc.fplib
                0x00000ed2       0x68 d:/ides/microchip studio/7.0/toolchain/avr8/avr8-gnu-toolchain/bin/../lib/gcc/avr/5.4.0/../../../../avr/lib/avr5\libm.a(modf.o)
                0x00000ed2                modf
                0x00000ed2                modff
 .text.avr-libc.fplib
                0x00000f3a        0x8 d:/ides/microchip studio/7.0/toolchain/avr8/avr8-gnu-toolchain/bin/../lib/gcc/avr/5.4.0/../../../../avr/lib/avr5\libm.a(mulsf3.o)
                0x00000f3a                __mulsf3
 .text.avr-libc.fplib
                0x00000f42       0xd2 d:/ides/microchip studio/7.0/toolchain/avr8/avr8-gnu-toolchain/bin/../lib/gcc/avr/5.4.0/../../../../avr/lib/avr5\libm.a(mulsf3x.o)
                0x00000f60                __mulsf3x
                0x00000f66                __mulsf3_pse
 .text.avr-libc.fplib
                0x00001014       0x1c d:/ides/microchip studio/7.0/toolchain/avr8/avr8-gnu-toolchain/bin/../lib/gcc/avr/5.4.0/../../../../avr/lib/avr5\libm.a(fp_mpack.o)
                0x00001014                __fp_mpack
                0x00001018                __fp_mpack_finite
                0x00001030                . = ALIGN (0x2)
 *(.fini9)
 .fini9         0x00001030        0x0 d:/ides/microchip studio/7.0/toolchain/avr8/avr8-gnu-toolchain/bin/../lib/gcc/avr/5.4.0/avr5\libgcc.a(_exit.o)
                0x00001030                _exit
                0x00001030                exit
 *(.fini9)
 *(.fini8)
 *(.fini8)
 *(.fini7)
 *(.fini7)
 *(.fini6)
 *(.fini6)
 *(.fini5)
 *(.fini5)
 *(.fini4)
 *(.fini4)
 *(.fini3)
 *(.fini3)
 *(.fini2)
 *(.fini2)
 *(.fini1)
 *(.fini1)
 *(.fini0)
 .fini0         0x00001030        0x4 d:/ides/microchip studio/7.0/toolchain/avr8/avr8-gnu-toolchain/bin/../lib/gcc/avr/5.4.0/avr5\libgcc.a(_exit.o)
 *(.fini0)
                0x00001034                _etext = .

.data           0x00800060       0x14 load address 0x00001034
                0x00800060                PROVIDE (__data_start, .)
 *(.data)
 *(.data*)
 .data.flag     0x00800060        0x1 APP_2/APP_2.o
                0x00800060                flag
 .data.clr      0x00800061       0x11 APP_2/APP_2.o
                0x00800061                clr
 .data.pass_match
                0x00800072        0x1 APP_2/APP_2.o
                0x00800072                pass_match
 .data.pass_check
                0x00800073        0x1 APP_2/APP_2.o
                0x00800073                pass_check
 *(.gnu.linkonce.d*)
 *(.rodata)
 *(.rodata*)
 *(.gnu.linkonce.r*)
                0x00800074                . = ALIGN (0x2)
                0x00800074                _edata = .
                0x00800074                PROVIDE (__data_end, .)

.bss            0x00800074       0x26
                0x00800074                PROVIDE (__bss_start, .)
 *(.bss)
 *(.bss*)
 .bss.chs_opt   0x00800074        0x1 APP_2/APP_2.o
                0x00800074                chs_opt
 .bss.opt       0x00800075        0x1 APP_2/APP_2.o
                0x00800075                opt
 .bss.pass_recieve_cmpr
                0x00800076       0x11 APP_2/APP_2.o
                0x00800076                pass_recieve_cmpr
 .bss.pass_recieve_save
                0x00800087       0x11 APP_2/APP_2.o
                0x00800087                pass_recieve_save
 .bss.number_of_overflows
                0x00800098        0x1 MCAL_2/TIMER_Driver/timer.o
                0x00800098                number_of_overflows
 *(COMMON)
 COMMON         0x00800099        0x1 APP_2/APP_2.o
                0x00800099                wrong_pass
                0x0080009a                PROVIDE (__bss_end, .)
                0x00001034                __data_load_start = LOADADDR (.data)
                0x00001048                __data_load_end = (__data_load_start + SIZEOF (.data))

.noinit         0x0080009a        0x0
                [!provide]                PROVIDE (__noinit_start, .)
 *(.noinit*)
                [!provide]                PROVIDE (__noinit_end, .)
                0x0080009a                _end = .
                [!provide]                PROVIDE (__heap_start, .)

.eeprom         0x00810000        0x0
 *(.eeprom*)
                0x00810000                __eeprom_end = .

.fuse
 *(.fuse)
 *(.lfuse)
 *(.hfuse)
 *(.efuse)

.lock
 *(.lock*)

.signature
 *(.signature*)

.user_signatures
 *(.user_signatures*)

.stab
 *(.stab)

.stabstr
 *(.stabstr)

.stab.excl
 *(.stab.excl)

.stab.exclstr
 *(.stab.exclstr)

.stab.index
 *(.stab.index)

.stab.indexstr
 *(.stab.indexstr)

.comment        0x00000000       0x30
 *(.comment)
 .comment       0x00000000       0x30 APP_2/APP_2.o
                                 0x31 (size before relaxing)
 .comment       0x00000030       0x31 ECUAL_2/EEPROM/EEPROM.o
 .comment       0x00000030       0x31 ECUAL_2/MOTOR_Driver/motor.o
 .comment       0x00000030       0x31 main_MCU_2.o
 .comment       0x00000030       0x31 MCAL_2/DIO_Driver_2/DIO_2.o
 .comment       0x00000030       0x31 MCAL_2/INTURREPTS_Driver/interrupts.o
 .comment       0x00000030       0x31 MCAL_2/TIMER_Driver/timer.o
 .comment       0x00000030       0x31 MCAL_2/TWI_Driver_2/TWI_2.o
 .comment       0x00000030       0x31 MCAL_2/UART_Driver_2/UART_2.o

.note.gnu.avr.deviceinfo
                0x00000000       0x3c
 .note.gnu.avr.deviceinfo
                0x00000000       0x3c D:/IDEs/Microchip studio/7.0/Packs/atmel/ATmega_DFP/1.6.364/gcc/dev/atmega32a/avr5/crtatmega32a.o

.note.gnu.build-id
 *(.note.gnu.build-id)

.debug
 *(.debug)

.line
 *(.line)

.debug_srcinfo
 *(.debug_srcinfo)

.debug_sfnames
 *(.debug_sfnames)

.debug_aranges  0x00000000      0x228
 *(.debug_aranges)
 .debug_aranges
                0x00000000       0x40 APP_2/APP_2.o
 .debug_aranges
                0x00000040       0x40 ECUAL_2/EEPROM/EEPROM.o
 .debug_aranges
                0x00000080       0x40 ECUAL_2/MOTOR_Driver/motor.o
 .debug_aranges
                0x000000c0       0x20 main_MCU_2.o
 .debug_aranges
                0x000000e0       0x38 MCAL_2/DIO_Driver_2/DIO_2.o
 .debug_aranges
                0x00000118       0x28 MCAL_2/INTURREPTS_Driver/interrupts.o
 .debug_aranges
                0x00000140       0x48 MCAL_2/TIMER_Driver/timer.o
 .debug_aranges
                0x00000188       0x58 MCAL_2/TWI_Driver_2/TWI_2.o
 .debug_aranges
                0x000001e0       0x48 MCAL_2/UART_Driver_2/UART_2.o

.debug_pubnames
 *(.debug_pubnames)

.debug_info     0x00000000     0x18f7
 *(.debug_info .gnu.linkonce.wi.*)
 .debug_info    0x00000000      0x4e6 D:/IDEs/Microchip studio/7.0/Packs/atmel/ATmega_DFP/1.6.364/gcc/dev/atmega32a/avr5/crtatmega32a.o
 .debug_info    0x000004e6      0x4c8 APP_2/APP_2.o
 .debug_info    0x000009ae      0x35c ECUAL_2/EEPROM/EEPROM.o
 .debug_info    0x00000d0a      0x3a9 ECUAL_2/MOTOR_Driver/motor.o
 .debug_info    0x000010b3       0xad main_MCU_2.o
 .debug_info    0x00001160      0x17b MCAL_2/DIO_Driver_2/DIO_2.o
 .debug_info    0x000012db       0x97 MCAL_2/INTURREPTS_Driver/interrupts.o
 .debug_info    0x00001372      0x189 MCAL_2/TIMER_Driver/timer.o
 .debug_info    0x000014fb      0x246 MCAL_2/TWI_Driver_2/TWI_2.o
 .debug_info    0x00001741      0x1b6 MCAL_2/UART_Driver_2/UART_2.o

.debug_abbrev   0x00000000      0xbbd
 *(.debug_abbrev)
 .debug_abbrev  0x00000000      0x4a3 D:/IDEs/Microchip studio/7.0/Packs/atmel/ATmega_DFP/1.6.364/gcc/dev/atmega32a/avr5/crtatmega32a.o
 .debug_abbrev  0x000004a3      0x104 APP_2/APP_2.o
 .debug_abbrev  0x000005a7       0xde ECUAL_2/EEPROM/EEPROM.o
 .debug_abbrev  0x00000685       0xfa ECUAL_2/MOTOR_Driver/motor.o
 .debug_abbrev  0x0000077f       0x65 main_MCU_2.o
 .debug_abbrev  0x000007e4       0x7a MCAL_2/DIO_Driver_2/DIO_2.o
 .debug_abbrev  0x0000085e       0x4f MCAL_2/INTURREPTS_Driver/interrupts.o
 .debug_abbrev  0x000008ad      0x100 MCAL_2/TIMER_Driver/timer.o
 .debug_abbrev  0x000009ad      0x105 MCAL_2/TWI_Driver_2/TWI_2.o
 .debug_abbrev  0x00000ab2      0x10b MCAL_2/UART_Driver_2/UART_2.o

.debug_line     0x00000000     0x119d
 *(.debug_line .debug_line.* .debug_line_end)
 .debug_line    0x00000000      0x116 D:/IDEs/Microchip studio/7.0/Packs/atmel/ATmega_DFP/1.6.364/gcc/dev/atmega32a/avr5/crtatmega32a.o
 .debug_line    0x00000116      0x34f APP_2/APP_2.o
 .debug_line    0x00000465      0x204 ECUAL_2/EEPROM/EEPROM.o
 .debug_line    0x00000669      0x20c ECUAL_2/MOTOR_Driver/motor.o
 .debug_line    0x00000875       0x67 main_MCU_2.o
 .debug_line    0x000008dc      0x202 MCAL_2/DIO_Driver_2/DIO_2.o
 .debug_line    0x00000ade       0xc9 MCAL_2/INTURREPTS_Driver/interrupts.o
 .debug_line    0x00000ba7      0x1e8 MCAL_2/TIMER_Driver/timer.o
 .debug_line    0x00000d8f      0x218 MCAL_2/TWI_Driver_2/TWI_2.o
 .debug_line    0x00000fa7      0x1f6 MCAL_2/UART_Driver_2/UART_2.o

.debug_frame    0x00000000      0x3e0
 *(.debug_frame)
 .debug_frame   0x00000000       0x64 APP_2/APP_2.o
 .debug_frame   0x00000064       0x98 ECUAL_2/EEPROM/EEPROM.o
 .debug_frame   0x000000fc       0x64 ECUAL_2/MOTOR_Driver/motor.o
 .debug_frame   0x00000160       0x24 main_MCU_2.o
 .debug_frame   0x00000184       0x54 MCAL_2/DIO_Driver_2/DIO_2.o
 .debug_frame   0x000001d8       0x34 MCAL_2/INTURREPTS_Driver/interrupts.o
 .debug_frame   0x0000020c       0xbc MCAL_2/TIMER_Driver/timer.o
 .debug_frame   0x000002c8       0x94 MCAL_2/TWI_Driver_2/TWI_2.o
 .debug_frame   0x0000035c       0x84 MCAL_2/UART_Driver_2/UART_2.o

.debug_str      0x00000000      0x81f
 *(.debug_str)
 .debug_str     0x00000000      0x196 D:/IDEs/Microchip studio/7.0/Packs/atmel/ATmega_DFP/1.6.364/gcc/dev/atmega32a/avr5/crtatmega32a.o
 .debug_str     0x00000196      0x2f8 APP_2/APP_2.o
                                0x32c (size before relaxing)
 .debug_str     0x0000048e       0x93 ECUAL_2/EEPROM/EEPROM.o
                                0x221 (size before relaxing)
 .debug_str     0x00000521       0x98 ECUAL_2/MOTOR_Driver/motor.o
                                0x213 (size before relaxing)
 .debug_str     0x000005b9       0x17 main_MCU_2.o
                                0x178 (size before relaxing)
 .debug_str     0x000005d0       0x4c MCAL_2/DIO_Driver_2/DIO_2.o
                                0x1bb (size before relaxing)
 .debug_str     0x0000061c       0x29 MCAL_2/INTURREPTS_Driver/interrupts.o
                                0x1b9 (size before relaxing)
 .debug_str     0x00000645       0x5b MCAL_2/TIMER_Driver/timer.o
                                0x218 (size before relaxing)
 .debug_str     0x000006a0      0x123 MCAL_2/TWI_Driver_2/TWI_2.o
                                0x2e9 (size before relaxing)
 .debug_str     0x000007c3       0x5c MCAL_2/UART_Driver_2/UART_2.o
                                0x1f6 (size before relaxing)

.debug_loc      0x00000000      0x9b3
 *(.debug_loc)
 .debug_loc     0x00000000       0x3e APP_2/APP_2.o
 .debug_loc     0x0000003e      0x1d5 ECUAL_2/EEPROM/EEPROM.o
 .debug_loc     0x00000213      0x120 ECUAL_2/MOTOR_Driver/motor.o
 .debug_loc     0x00000333      0x278 MCAL_2/DIO_Driver_2/DIO_2.o
 .debug_loc     0x000005ab      0x1f8 MCAL_2/TIMER_Driver/timer.o
 .debug_loc     0x000007a3       0xfa MCAL_2/TWI_Driver_2/TWI_2.o
 .debug_loc     0x0000089d      0x116 MCAL_2/UART_Driver_2/UART_2.o

.debug_macinfo
 *(.debug_macinfo)

.debug_weaknames
 *(.debug_weaknames)

.debug_funcnames
 *(.debug_funcnames)

.debug_typenames
 *(.debug_typenames)

.debug_varnames
 *(.debug_varnames)

.debug_pubtypes
 *(.debug_pubtypes)

.debug_ranges   0x00000000      0x198
 *(.debug_ranges)
 .debug_ranges  0x00000000       0x30 APP_2/APP_2.o
 .debug_ranges  0x00000030       0x30 ECUAL_2/EEPROM/EEPROM.o
 .debug_ranges  0x00000060       0x30 ECUAL_2/MOTOR_Driver/motor.o
 .debug_ranges  0x00000090       0x10 main_MCU_2.o
 .debug_ranges  0x000000a0       0x28 MCAL_2/DIO_Driver_2/DIO_2.o
 .debug_ranges  0x000000c8       0x18 MCAL_2/INTURREPTS_Driver/interrupts.o
 .debug_ranges  0x000000e0       0x38 MCAL_2/TIMER_Driver/timer.o
 .debug_ranges  0x00000118       0x48 MCAL_2/TWI_Driver_2/TWI_2.o
 .debug_ranges  0x00000160       0x38 MCAL_2/UART_Driver_2/UART_2.o

.debug_macro
 *(.debug_macro)
OUTPUT(MCU_2.elf elf32-avr)
LOAD linker stubs
