Archive member included to satisfy reference by file (symbol)

d:/ides/microchip studio/7.0/toolchain/avr8/avr8-gnu-toolchain/bin/../lib/gcc/avr/5.4.0/avr5\libgcc.a(_exit.o)
                              D:/IDEs/Microchip studio/7.0/Packs/atmel/ATmega_DFP/1.6.364/gcc/dev/atmega32a/avr5/crtatmega32a.o (exit)
d:/ides/microchip studio/7.0/toolchain/avr8/avr8-gnu-toolchain/bin/../lib/gcc/avr/5.4.0/avr5\libgcc.a(_copy_data.o)
                              APP/APP_1.o (__do_copy_data)
d:/ides/microchip studio/7.0/toolchain/avr8/avr8-gnu-toolchain/bin/../lib/gcc/avr/5.4.0/avr5\libgcc.a(_clear_bss.o)
                              APP/APP_1.o (__do_clear_bss)

Allocating common symbols
Common symbol       size              file

keypadInput         0x1               APP/APP_1.o
password_checker    0x1               APP/APP_1.o

Discarded input sections

 .data          0x00000000        0x0 D:/IDEs/Microchip studio/7.0/Packs/atmel/ATmega_DFP/1.6.364/gcc/dev/atmega32a/avr5/crtatmega32a.o
 .bss           0x00000000        0x0 D:/IDEs/Microchip studio/7.0/Packs/atmel/ATmega_DFP/1.6.364/gcc/dev/atmega32a/avr5/crtatmega32a.o
 .text          0x00000000        0x0 APP/APP_1.o
 .data          0x00000000        0x0 APP/APP_1.o
 .bss           0x00000000        0x0 APP/APP_1.o
 .text          0x00000000        0x0 ECUAL_1/Keypad_Driver/keypad.o
 .data          0x00000000        0x0 ECUAL_1/Keypad_Driver/keypad.o
 .bss           0x00000000        0x0 ECUAL_1/Keypad_Driver/keypad.o
 .text          0x00000000        0x0 ECUAL_1/LCD_Driver/lcd.o
 .data          0x00000000        0x0 ECUAL_1/LCD_Driver/lcd.o
 .bss           0x00000000        0x0 ECUAL_1/LCD_Driver/lcd.o
 .text.LCD_8_bit_cursor_left
                0x00000000        0x8 ECUAL_1/LCD_Driver/lcd.o
 .text.LCD_8_bit_cursor_right
                0x00000000        0x8 ECUAL_1/LCD_Driver/lcd.o
 .text          0x00000000        0x0 main_MCU_1.o
 .data          0x00000000        0x0 main_MCU_1.o
 .bss           0x00000000        0x0 main_MCU_1.o
 .text          0x00000000        0x0 MCAL_1/DIO_Driver_1/DIO_1.o
 .data          0x00000000        0x0 MCAL_1/DIO_Driver_1/DIO_1.o
 .bss           0x00000000        0x0 MCAL_1/DIO_Driver_1/DIO_1.o
 .text.DIO_toggle
                0x00000000       0x6e MCAL_1/DIO_Driver_1/DIO_1.o
 .text          0x00000000        0x0 MCAL_1/Internal_EEPROM_Driver/internal_eeprom.o
 .data          0x00000000        0x0 MCAL_1/Internal_EEPROM_Driver/internal_eeprom.o
 .bss           0x00000000        0x0 MCAL_1/Internal_EEPROM_Driver/internal_eeprom.o
 .text          0x00000000        0x0 MCAL_1/UART_Driver_1/UART_1.o
 .data          0x00000000        0x0 MCAL_1/UART_Driver_1/UART_1.o
 .bss           0x00000000        0x0 MCAL_1/UART_Driver_1/UART_1.o
 .text          0x00000000        0x0 d:/ides/microchip studio/7.0/toolchain/avr8/avr8-gnu-toolchain/bin/../lib/gcc/avr/5.4.0/avr5\libgcc.a(_exit.o)
 .data          0x00000000        0x0 d:/ides/microchip studio/7.0/toolchain/avr8/avr8-gnu-toolchain/bin/../lib/gcc/avr/5.4.0/avr5\libgcc.a(_exit.o)
 .bss           0x00000000        0x0 d:/ides/microchip studio/7.0/toolchain/avr8/avr8-gnu-toolchain/bin/../lib/gcc/avr/5.4.0/avr5\libgcc.a(_exit.o)
 .text.libgcc.mul
                0x00000000        0x0 d:/ides/microchip studio/7.0/toolchain/avr8/avr8-gnu-toolchain/bin/../lib/gcc/avr/5.4.0/avr5\libgcc.a(_exit.o)
 .text.libgcc.div
                0x00000000        0x0 d:/ides/microchip studio/7.0/toolchain/avr8/avr8-gnu-toolchain/bin/../lib/gcc/avr/5.4.0/avr5\libgcc.a(_exit.o)
 .text.libgcc   0x00000000        0x0 d:/ides/microchip studio/7.0/toolchain/avr8/avr8-gnu-toolchain/bin/../lib/gcc/avr/5.4.0/avr5\libgcc.a(_exit.o)
 .text.libgcc.prologue
                0x00000000        0x0 d:/ides/microchip studio/7.0/toolchain/avr8/avr8-gnu-toolchain/bin/../lib/gcc/avr/5.4.0/avr5\libgcc.a(_exit.o)
 .text.libgcc.builtins
                0x00000000        0x0 d:/ides/microchip studio/7.0/toolchain/avr8/avr8-gnu-toolchain/bin/../lib/gcc/avr/5.4.0/avr5\libgcc.a(_exit.o)
 .text.libgcc.fmul
                0x00000000        0x0 d:/ides/microchip studio/7.0/toolchain/avr8/avr8-gnu-toolchain/bin/../lib/gcc/avr/5.4.0/avr5\libgcc.a(_exit.o)
 .text.libgcc.fixed
                0x00000000        0x0 d:/ides/microchip studio/7.0/toolchain/avr8/avr8-gnu-toolchain/bin/../lib/gcc/avr/5.4.0/avr5\libgcc.a(_exit.o)
 .text          0x00000000        0x0 d:/ides/microchip studio/7.0/toolchain/avr8/avr8-gnu-toolchain/bin/../lib/gcc/avr/5.4.0/avr5\libgcc.a(_copy_data.o)
 .data          0x00000000        0x0 d:/ides/microchip studio/7.0/toolchain/avr8/avr8-gnu-toolchain/bin/../lib/gcc/avr/5.4.0/avr5\libgcc.a(_copy_data.o)
 .bss           0x00000000        0x0 d:/ides/microchip studio/7.0/toolchain/avr8/avr8-gnu-toolchain/bin/../lib/gcc/avr/5.4.0/avr5\libgcc.a(_copy_data.o)
 .text.libgcc.mul
                0x00000000        0x0 d:/ides/microchip studio/7.0/toolchain/avr8/avr8-gnu-toolchain/bin/../lib/gcc/avr/5.4.0/avr5\libgcc.a(_copy_data.o)
 .text.libgcc.div
                0x00000000        0x0 d:/ides/microchip studio/7.0/toolchain/avr8/avr8-gnu-toolchain/bin/../lib/gcc/avr/5.4.0/avr5\libgcc.a(_copy_data.o)
 .text.libgcc   0x00000000        0x0 d:/ides/microchip studio/7.0/toolchain/avr8/avr8-gnu-toolchain/bin/../lib/gcc/avr/5.4.0/avr5\libgcc.a(_copy_data.o)
 .text.libgcc.prologue
                0x00000000        0x0 d:/ides/microchip studio/7.0/toolchain/avr8/avr8-gnu-toolchain/bin/../lib/gcc/avr/5.4.0/avr5\libgcc.a(_copy_data.o)
 .text.libgcc.builtins
                0x00000000        0x0 d:/ides/microchip studio/7.0/toolchain/avr8/avr8-gnu-toolchain/bin/../lib/gcc/avr/5.4.0/avr5\libgcc.a(_copy_data.o)
 .text.libgcc.fmul
                0x00000000        0x0 d:/ides/microchip studio/7.0/toolchain/avr8/avr8-gnu-toolchain/bin/../lib/gcc/avr/5.4.0/avr5\libgcc.a(_copy_data.o)
 .text.libgcc.fixed
                0x00000000        0x0 d:/ides/microchip studio/7.0/toolchain/avr8/avr8-gnu-toolchain/bin/../lib/gcc/avr/5.4.0/avr5\libgcc.a(_copy_data.o)
 .text          0x00000000        0x0 d:/ides/microchip studio/7.0/toolchain/avr8/avr8-gnu-toolchain/bin/../lib/gcc/avr/5.4.0/avr5\libgcc.a(_clear_bss.o)
 .data          0x00000000        0x0 d:/ides/microchip studio/7.0/toolchain/avr8/avr8-gnu-toolchain/bin/../lib/gcc/avr/5.4.0/avr5\libgcc.a(_clear_bss.o)
 .bss           0x00000000        0x0 d:/ides/microchip studio/7.0/toolchain/avr8/avr8-gnu-toolchain/bin/../lib/gcc/avr/5.4.0/avr5\libgcc.a(_clear_bss.o)
 .text.libgcc.mul
                0x00000000        0x0 d:/ides/microchip studio/7.0/toolchain/avr8/avr8-gnu-toolchain/bin/../lib/gcc/avr/5.4.0/avr5\libgcc.a(_clear_bss.o)
 .text.libgcc.div
                0x00000000        0x0 d:/ides/microchip studio/7.0/toolchain/avr8/avr8-gnu-toolchain/bin/../lib/gcc/avr/5.4.0/avr5\libgcc.a(_clear_bss.o)
 .text.libgcc   0x00000000        0x0 d:/ides/microchip studio/7.0/toolchain/avr8/avr8-gnu-toolchain/bin/../lib/gcc/avr/5.4.0/avr5\libgcc.a(_clear_bss.o)
 .text.libgcc.prologue
                0x00000000        0x0 d:/ides/microchip studio/7.0/toolchain/avr8/avr8-gnu-toolchain/bin/../lib/gcc/avr/5.4.0/avr5\libgcc.a(_clear_bss.o)
 .text.libgcc.builtins
                0x00000000        0x0 d:/ides/microchip studio/7.0/toolchain/avr8/avr8-gnu-toolchain/bin/../lib/gcc/avr/5.4.0/avr5\libgcc.a(_clear_bss.o)
 .text.libgcc.fmul
                0x00000000        0x0 d:/ides/microchip studio/7.0/toolchain/avr8/avr8-gnu-toolchain/bin/../lib/gcc/avr/5.4.0/avr5\libgcc.a(_clear_bss.o)
 .text.libgcc.fixed
                0x00000000        0x0 d:/ides/microchip studio/7.0/toolchain/avr8/avr8-gnu-toolchain/bin/../lib/gcc/avr/5.4.0/avr5\libgcc.a(_clear_bss.o)

Memory Configuration

Name             Origin             Length             Attributes
text             0x00000000         0x00008000         xr
data             0x00800060         0x00000800         rw !x
eeprom           0x00810000         0x00000400         rw !x
fuse             0x00820000         0x00000002         rw !x
lock             0x00830000         0x00000400         rw !x
signature        0x00840000         0x00000400         rw !x
user_signatures  0x00850000         0x00000400         rw !x
*default*        0x00000000         0xffffffff

Linker script and memory map

LOAD D:/IDEs/Microchip studio/7.0/Packs/atmel/ATmega_DFP/1.6.364/gcc/dev/atmega32a/avr5/crtatmega32a.o
LOAD APP/APP_1.o
LOAD ECUAL_1/Keypad_Driver/keypad.o
LOAD ECUAL_1/LCD_Driver/lcd.o
LOAD main_MCU_1.o
LOAD MCAL_1/DIO_Driver_1/DIO_1.o
LOAD MCAL_1/Internal_EEPROM_Driver/internal_eeprom.o
LOAD MCAL_1/UART_Driver_1/UART_1.o
START GROUP
LOAD d:/ides/microchip studio/7.0/toolchain/avr8/avr8-gnu-toolchain/bin/../lib/gcc/avr/5.4.0/../../../../avr/lib/avr5\libm.a
END GROUP
START GROUP
LOAD d:/ides/microchip studio/7.0/toolchain/avr8/avr8-gnu-toolchain/bin/../lib/gcc/avr/5.4.0/avr5\libgcc.a
LOAD d:/ides/microchip studio/7.0/toolchain/avr8/avr8-gnu-toolchain/bin/../lib/gcc/avr/5.4.0/../../../../avr/lib/avr5\libm.a
LOAD d:/ides/microchip studio/7.0/toolchain/avr8/avr8-gnu-toolchain/bin/../lib/gcc/avr/5.4.0/../../../../avr/lib/avr5\libc.a
LOAD D:/IDEs/Microchip studio/7.0/Packs/atmel/ATmega_DFP/1.6.364/gcc/dev/atmega32a/avr5\libatmega32a.a
END GROUP
                [0x00000000]                __TEXT_REGION_ORIGIN__ = DEFINED (__TEXT_REGION_ORIGIN__)?__TEXT_REGION_ORIGIN__:0x0
                [0x00800060]                __DATA_REGION_ORIGIN__ = DEFINED (__DATA_REGION_ORIGIN__)?__DATA_REGION_ORIGIN__:0x800060
                [0x00008000]                __TEXT_REGION_LENGTH__ = DEFINED (__TEXT_REGION_LENGTH__)?__TEXT_REGION_LENGTH__:0x20000
                [0x00000800]                __DATA_REGION_LENGTH__ = DEFINED (__DATA_REGION_LENGTH__)?__DATA_REGION_LENGTH__:0xffa0
                [0x00000400]                __EEPROM_REGION_LENGTH__ = DEFINED (__EEPROM_REGION_LENGTH__)?__EEPROM_REGION_LENGTH__:0x10000
                [0x00000002]                __FUSE_REGION_LENGTH__ = DEFINED (__FUSE_REGION_LENGTH__)?__FUSE_REGION_LENGTH__:0x400
                0x00000400                __LOCK_REGION_LENGTH__ = DEFINED (__LOCK_REGION_LENGTH__)?__LOCK_REGION_LENGTH__:0x400
                0x00000400                __SIGNATURE_REGION_LENGTH__ = DEFINED (__SIGNATURE_REGION_LENGTH__)?__SIGNATURE_REGION_LENGTH__:0x400
                0x00000400                __USER_SIGNATURE_REGION_LENGTH__ = DEFINED (__USER_SIGNATURE_REGION_LENGTH__)?__USER_SIGNATURE_REGION_LENGTH__:0x400

.hash
 *(.hash)

.dynsym
 *(.dynsym)

.dynstr
 *(.dynstr)

.gnu.version
 *(.gnu.version)

.gnu.version_d
 *(.gnu.version_d)

.gnu.version_r
 *(.gnu.version_r)

.rel.init
 *(.rel.init)

.rela.init
 *(.rela.init)

.rel.text
 *(.rel.text)
 *(.rel.text.*)
 *(.rel.gnu.linkonce.t*)

.rela.text
 *(.rela.text)
 *(.rela.text.*)
 *(.rela.gnu.linkonce.t*)

.rel.fini
 *(.rel.fini)

.rela.fini
 *(.rela.fini)

.rel.rodata
 *(.rel.rodata)
 *(.rel.rodata.*)
 *(.rel.gnu.linkonce.r*)

.rela.rodata
 *(.rela.rodata)
 *(.rela.rodata.*)
 *(.rela.gnu.linkonce.r*)

.rel.data
 *(.rel.data)
 *(.rel.data.*)
 *(.rel.gnu.linkonce.d*)

.rela.data
 *(.rela.data)
 *(.rela.data.*)
 *(.rela.gnu.linkonce.d*)

.rel.ctors
 *(.rel.ctors)

.rela.ctors
 *(.rela.ctors)

.rel.dtors
 *(.rel.dtors)

.rela.dtors
 *(.rela.dtors)

.rel.got
 *(.rel.got)

.rela.got
 *(.rela.got)

.rel.bss
 *(.rel.bss)

.rela.bss
 *(.rela.bss)

.rel.plt
 *(.rel.plt)

.rela.plt
 *(.rela.plt)

.text           0x00000000      0x986
 *(.vectors)
 .vectors       0x00000000       0x54 D:/IDEs/Microchip studio/7.0/Packs/atmel/ATmega_DFP/1.6.364/gcc/dev/atmega32a/avr5/crtatmega32a.o
                0x00000000                __vector_default
                0x00000000                __vectors
 *(.vectors)
 *(.progmem.gcc*)
                0x00000054                . = ALIGN (0x2)
                0x00000054                __trampolines_start = .
 *(.trampolines)
 .trampolines   0x00000054        0x0 linker stubs
 *(.trampolines*)
                0x00000054                __trampolines_end = .
 *libprintf_flt.a:*(.progmem.data)
 *libc.a:*(.progmem.data)
 *(.progmem*)
                0x00000054                . = ALIGN (0x2)
 *(.jumptables)
 *(.jumptables*)
 *(.lowtext)
 *(.lowtext*)
                0x00000054                __ctors_start = .
 *(.ctors)
                0x00000054                __ctors_end = .
                0x00000054                __dtors_start = .
 *(.dtors)
                0x00000054                __dtors_end = .
 SORT(*)(.ctors)
 SORT(*)(.dtors)
 *(.init0)
 .init0         0x00000054        0x0 D:/IDEs/Microchip studio/7.0/Packs/atmel/ATmega_DFP/1.6.364/gcc/dev/atmega32a/avr5/crtatmega32a.o
                0x00000054                __init
 *(.init0)
 *(.init1)
 *(.init1)
 *(.init2)
 .init2         0x00000054        0xc D:/IDEs/Microchip studio/7.0/Packs/atmel/ATmega_DFP/1.6.364/gcc/dev/atmega32a/avr5/crtatmega32a.o
 *(.init2)
 *(.init3)
 *(.init3)
 *(.init4)
 .init4         0x00000060       0x16 d:/ides/microchip studio/7.0/toolchain/avr8/avr8-gnu-toolchain/bin/../lib/gcc/avr/5.4.0/avr5\libgcc.a(_copy_data.o)
                0x00000060                __do_copy_data
 .init4         0x00000076       0x10 d:/ides/microchip studio/7.0/toolchain/avr8/avr8-gnu-toolchain/bin/../lib/gcc/avr/5.4.0/avr5\libgcc.a(_clear_bss.o)
                0x00000076                __do_clear_bss
 *(.init4)
 *(.init5)
 *(.init5)
 *(.init6)
 *(.init6)
 *(.init7)
 *(.init7)
 *(.init8)
 *(.init8)
 *(.init9)
 .init9         0x00000086        0x8 D:/IDEs/Microchip studio/7.0/Packs/atmel/ATmega_DFP/1.6.364/gcc/dev/atmega32a/avr5/crtatmega32a.o
 *(.init9)
 *(.text)
 .text          0x0000008e        0x4 D:/IDEs/Microchip studio/7.0/Packs/atmel/ATmega_DFP/1.6.364/gcc/dev/atmega32a/avr5/crtatmega32a.o
                0x0000008e                __vector_1
                0x0000008e                __vector_12
                0x0000008e                __bad_interrupt
                0x0000008e                __vector_6
                0x0000008e                __vector_3
                0x0000008e                __vector_11
                0x0000008e                __vector_13
                0x0000008e                __vector_17
                0x0000008e                __vector_19
                0x0000008e                __vector_7
                0x0000008e                __vector_5
                0x0000008e                __vector_4
                0x0000008e                __vector_9
                0x0000008e                __vector_2
                0x0000008e                __vector_15
                0x0000008e                __vector_8
                0x0000008e                __vector_14
                0x0000008e                __vector_10
                0x0000008e                __vector_16
                0x0000008e                __vector_18
                0x0000008e                __vector_20
                0x00000092                . = ALIGN (0x2)
 *(.text.*)
 .text.app_init
                0x00000092        0xe APP/APP_1.o
                0x00000092                app_init
 .text.reset_password_array
                0x000000a0       0x1a APP/APP_1.o
                0x000000a0                reset_password_array
 .text.firstOption
                0x000000ba       0xc2 APP/APP_1.o
                0x000000ba                firstOption
 .text.secondOption
                0x0000017c       0x58 APP/APP_1.o
                0x0000017c                secondOption
 .text.app_start
                0x000001d4      0x10c APP/APP_1.o
                0x000001d4                app_start
 .text.Keypad_init
                0x000002e0       0x56 ECUAL_1/Keypad_Driver/keypad.o
                0x000002e0                Keypad_init
 .text.Keypad_pressed
                0x00000336       0xd8 ECUAL_1/Keypad_Driver/keypad.o
                0x00000336                Keypad_pressed
 .text.LCD_8_bit_sendCommand
                0x0000040e       0x34 ECUAL_1/LCD_Driver/lcd.o
                0x0000040e                LCD_8_bit_sendCommand
 .text.LCD_8_bit_sendChar
                0x00000442       0x34 ECUAL_1/LCD_Driver/lcd.o
                0x00000442                LCD_8_bit_sendChar
 .text.LCD_8_bit_clear_all
                0x00000476        0xe ECUAL_1/LCD_Driver/lcd.o
                0x00000476                LCD_8_bit_clear_all
 .text.LCD_8_bit_sendString
                0x00000484       0x26 ECUAL_1/LCD_Driver/lcd.o
                0x00000484                LCD_8_bit_sendString
 .text.LCD_8_bit_welcoming
                0x000004aa       0x18 ECUAL_1/LCD_Driver/lcd.o
                0x000004aa                LCD_8_bit_welcoming
 .text.LCD_8_bit_init
                0x000004c2       0x68 ECUAL_1/LCD_Driver/lcd.o
                0x000004c2                LCD_8_bit_init
 .text.LCD_8_bit_display_options
                0x0000052a       0x18 ECUAL_1/LCD_Driver/lcd.o
                0x0000052a                LCD_8_bit_display_options
 .text.LCD_8_bit_enter_pass
                0x00000542       0x10 ECUAL_1/LCD_Driver/lcd.o
                0x00000542                LCD_8_bit_enter_pass
 .text.LCD_8_bit_enter_new_pass
                0x00000552       0x10 ECUAL_1/LCD_Driver/lcd.o
                0x00000552                LCD_8_bit_enter_new_pass
 .text.LCD_8_bit_4_chars_needed
                0x00000562       0x18 ECUAL_1/LCD_Driver/lcd.o
                0x00000562                LCD_8_bit_4_chars_needed
 .text.LCD_8_bit_wrong_pass
                0x0000057a        0xa ECUAL_1/LCD_Driver/lcd.o
                0x0000057a                LCD_8_bit_wrong_pass
 .text.LCD_8_bit_loading
                0x00000584        0xa ECUAL_1/LCD_Driver/lcd.o
                0x00000584                LCD_8_bit_loading
 .text.LCD_8_bit_opening
                0x0000058e        0xa ECUAL_1/LCD_Driver/lcd.o
                0x0000058e                LCD_8_bit_opening
 .text.LCD_8_bit_closing
                0x00000598        0xa ECUAL_1/LCD_Driver/lcd.o
                0x00000598                LCD_8_bit_closing
 .text.main     0x000005a2        0xe main_MCU_1.o
                0x000005a2                main
 .text.DIO_init
                0x000005b0       0xf4 MCAL_1/DIO_Driver_1/DIO_1.o
                0x000005b0                DIO_init
 .text.DIO_write
                0x000006a4       0xf4 MCAL_1/DIO_Driver_1/DIO_1.o
                0x000006a4                DIO_write
 .text.DIO_read
                0x00000798       0xc8 MCAL_1/DIO_Driver_1/DIO_1.o
                0x00000798                DIO_read
 .text.int_eeprom_w
                0x00000860       0x1a MCAL_1/Internal_EEPROM_Driver/internal_eeprom.o
                0x00000860                int_eeprom_w
 .text.int_eeprom_r
                0x0000087a       0x14 MCAL_1/Internal_EEPROM_Driver/internal_eeprom.o
                0x0000087a                int_eeprom_r
 .text.UART_set_BAUD
                0x0000088e        0x6 MCAL_1/UART_Driver_1/UART_1.o
                0x0000088e                UART_set_BAUD
 .text.UART_set_frame
                0x00000894       0x96 MCAL_1/UART_Driver_1/UART_1.o
                0x00000894                UART_set_frame
 .text.UART_init
                0x0000092a       0x1e MCAL_1/UART_Driver_1/UART_1.o
                0x0000092a                UART_init
 .text.UART_transmit
                0x00000948        0x8 MCAL_1/UART_Driver_1/UART_1.o
                0x00000948                UART_transmit
 .text.UART_transmitString
                0x00000950       0x2a MCAL_1/UART_Driver_1/UART_1.o
                0x00000950                UART_transmitString
 .text.UART_receive
                0x0000097a        0x8 MCAL_1/UART_Driver_1/UART_1.o
                0x0000097a                UART_receive
                0x00000982                . = ALIGN (0x2)
 *(.fini9)
 .fini9         0x00000982        0x0 d:/ides/microchip studio/7.0/toolchain/avr8/avr8-gnu-toolchain/bin/../lib/gcc/avr/5.4.0/avr5\libgcc.a(_exit.o)
                0x00000982                _exit
                0x00000982                exit
 *(.fini9)
 *(.fini8)
 *(.fini8)
 *(.fini7)
 *(.fini7)
 *(.fini6)
 *(.fini6)
 *(.fini5)
 *(.fini5)
 *(.fini4)
 *(.fini4)
 *(.fini3)
 *(.fini3)
 *(.fini2)
 *(.fini2)
 *(.fini1)
 *(.fini1)
 *(.fini0)
 .fini0         0x00000982        0x4 d:/ides/microchip studio/7.0/toolchain/avr8/avr8-gnu-toolchain/bin/../lib/gcc/avr/5.4.0/avr5\libgcc.a(_exit.o)
 *(.fini0)
                0x00000986                _etext = .

.data           0x00800060       0xca load address 0x00000986
                0x00800060                PROVIDE (__data_start, .)
 *(.data)
 *(.data*)
 .data.matched_password
                0x00800060        0x1 APP/APP_1.o
                0x00800060                matched_password
 .data.keypad   0x00800061       0x10 ECUAL_1/Keypad_Driver/keypad.o
                0x00800061                keypad
 .data.columns  0x00800071        0x4 ECUAL_1/Keypad_Driver/keypad.o
                0x00800071                columns
 .data.rows     0x00800075        0x4 ECUAL_1/Keypad_Driver/keypad.o
                0x00800075                rows
 .data.closing_door
                0x00800079       0x11 ECUAL_1/LCD_Driver/lcd.o
                0x00800079                closing_door
 .data.opening_door
                0x0080008a       0x11 ECUAL_1/LCD_Driver/lcd.o
                0x0080008a                opening_door
 .data.loading  0x0080009b        0xc ECUAL_1/LCD_Driver/lcd.o
                0x0080009b                loading
 .data.wrong_pass
                0x008000a7        0xf ECUAL_1/LCD_Driver/lcd.o
                0x008000a7                wrong_pass
 .data.least_pass_2
                0x008000b6        0xa ECUAL_1/LCD_Driver/lcd.o
                0x008000b6                least_pass_2
 .data.least_pass_1
                0x008000c0        0xf ECUAL_1/LCD_Driver/lcd.o
                0x008000c0                least_pass_1
 .data.option_2
                0x008000cf       0x11 ECUAL_1/LCD_Driver/lcd.o
                0x008000cf                option_2
 .data.option_1
                0x008000e0       0x10 ECUAL_1/LCD_Driver/lcd.o
                0x008000e0                option_1
 .data.enter_new_pass_str
                0x008000f0        0xf ECUAL_1/LCD_Driver/lcd.o
                0x008000f0                enter_new_pass_str
 .data.enter_pass_str
                0x008000ff        0xf ECUAL_1/LCD_Driver/lcd.o
                0x008000ff                enter_pass_str
 .data.welcomeStr_2
                0x0080010e       0x11 ECUAL_1/LCD_Driver/lcd.o
                0x0080010e                welcomeStr_2
 .data.welcomeStr
                0x0080011f        0xb ECUAL_1/LCD_Driver/lcd.o
                0x0080011f                welcomeStr
 *(.gnu.linkonce.d*)
 *(.rodata)
 *(.rodata*)
 *(.gnu.linkonce.r*)
                0x0080012a                . = ALIGN (0x2)
                0x0080012a                _edata = .
                0x0080012a                PROVIDE (__data_end, .)

.bss            0x0080012a       0x17
                0x0080012a                PROVIDE (__bss_start, .)
 *(.bss)
 *(.bss*)
 .bss.wrong_password
                0x0080012a        0x1 APP/APP_1.o
                0x0080012a                wrong_password
 .bss.choosed_option
                0x0080012b        0x1 APP/APP_1.o
                0x0080012b                choosed_option
 .bss.option    0x0080012c        0x1 APP/APP_1.o
                0x0080012c                option
 .bss.cnt       0x0080012d        0x1 APP/APP_1.o
                0x0080012d                cnt
 .bss.password  0x0080012e       0x11 APP/APP_1.o
                0x0080012e                password
 *(COMMON)
 COMMON         0x0080013f        0x2 APP/APP_1.o
                0x0080013f                keypadInput
                0x00800140                password_checker
                0x00800141                PROVIDE (__bss_end, .)
                0x00000986                __data_load_start = LOADADDR (.data)
                0x00000a50                __data_load_end = (__data_load_start + SIZEOF (.data))

.noinit         0x00800141        0x0
                [!provide]                PROVIDE (__noinit_start, .)
 *(.noinit*)
                [!provide]                PROVIDE (__noinit_end, .)
                0x00800141                _end = .
                [!provide]                PROVIDE (__heap_start, .)

.eeprom         0x00810000        0x0
 *(.eeprom*)
                0x00810000                __eeprom_end = .

.fuse
 *(.fuse)
 *(.lfuse)
 *(.hfuse)
 *(.efuse)

.lock
 *(.lock*)

.signature
 *(.signature*)

.user_signatures
 *(.user_signatures*)

.stab
 *(.stab)

.stabstr
 *(.stabstr)

.stab.excl
 *(.stab.excl)

.stab.exclstr
 *(.stab.exclstr)

.stab.index
 *(.stab.index)

.stab.indexstr
 *(.stab.indexstr)

.comment        0x00000000       0x30
 *(.comment)
 .comment       0x00000000       0x30 APP/APP_1.o
                                 0x31 (size before relaxing)
 .comment       0x00000030       0x31 ECUAL_1/Keypad_Driver/keypad.o
 .comment       0x00000030       0x31 ECUAL_1/LCD_Driver/lcd.o
 .comment       0x00000030       0x31 main_MCU_1.o
 .comment       0x00000030       0x31 MCAL_1/DIO_Driver_1/DIO_1.o
 .comment       0x00000030       0x31 MCAL_1/Internal_EEPROM_Driver/internal_eeprom.o
 .comment       0x00000030       0x31 MCAL_1/UART_Driver_1/UART_1.o

.note.gnu.avr.deviceinfo
                0x00000000       0x3c
 .note.gnu.avr.deviceinfo
                0x00000000       0x3c D:/IDEs/Microchip studio/7.0/Packs/atmel/ATmega_DFP/1.6.364/gcc/dev/atmega32a/avr5/crtatmega32a.o

.note.gnu.build-id
 *(.note.gnu.build-id)

.debug
 *(.debug)

.line
 *(.line)

.debug_srcinfo
 *(.debug_srcinfo)

.debug_sfnames
 *(.debug_sfnames)

.debug_aranges  0x00000000      0x1c8
 *(.debug_aranges)
 .debug_aranges
                0x00000000       0x40 APP/APP_1.o
 .debug_aranges
                0x00000040       0x28 ECUAL_1/Keypad_Driver/keypad.o
 .debug_aranges
                0x00000068       0x98 ECUAL_1/LCD_Driver/lcd.o
 .debug_aranges
                0x00000100       0x20 main_MCU_1.o
 .debug_aranges
                0x00000120       0x38 MCAL_1/DIO_Driver_1/DIO_1.o
 .debug_aranges
                0x00000158       0x28 MCAL_1/Internal_EEPROM_Driver/internal_eeprom.o
 .debug_aranges
                0x00000180       0x48 MCAL_1/UART_Driver_1/UART_1.o

.debug_pubnames
 *(.debug_pubnames)

.debug_info     0x00000000     0x1b8c
 *(.debug_info .gnu.linkonce.wi.*)
 .debug_info    0x00000000      0x4e6 D:/IDEs/Microchip studio/7.0/Packs/atmel/ATmega_DFP/1.6.364/gcc/dev/atmega32a/avr5/crtatmega32a.o
 .debug_info    0x000004e6      0x695 APP/APP_1.o
 .debug_info    0x00000b7b      0x365 ECUAL_1/Keypad_Driver/keypad.o
 .debug_info    0x00000ee0      0x7e8 ECUAL_1/LCD_Driver/lcd.o
 .debug_info    0x000016c8       0xad main_MCU_1.o
 .debug_info    0x00001775      0x17b MCAL_1/DIO_Driver_1/DIO_1.o
 .debug_info    0x000018f0       0xd9 MCAL_1/Internal_EEPROM_Driver/internal_eeprom.o
 .debug_info    0x000019c9      0x1c3 MCAL_1/UART_Driver_1/UART_1.o

.debug_abbrev   0x00000000      0xb8b
 *(.debug_abbrev)
 .debug_abbrev  0x00000000      0x4a3 D:/IDEs/Microchip studio/7.0/Packs/atmel/ATmega_DFP/1.6.364/gcc/dev/atmega32a/avr5/crtatmega32a.o
 .debug_abbrev  0x000004a3      0x17f APP/APP_1.o
 .debug_abbrev  0x00000622      0x16b ECUAL_1/Keypad_Driver/keypad.o
 .debug_abbrev  0x0000078d      0x187 ECUAL_1/LCD_Driver/lcd.o
 .debug_abbrev  0x00000914       0x65 main_MCU_1.o
 .debug_abbrev  0x00000979       0x7a MCAL_1/DIO_Driver_1/DIO_1.o
 .debug_abbrev  0x000009f3       0x8b MCAL_1/Internal_EEPROM_Driver/internal_eeprom.o
 .debug_abbrev  0x00000a7e      0x10d MCAL_1/UART_Driver_1/UART_1.o

.debug_line     0x00000000     0x1072
 *(.debug_line .debug_line.* .debug_line_end)
 .debug_line    0x00000000      0x116 D:/IDEs/Microchip studio/7.0/Packs/atmel/ATmega_DFP/1.6.364/gcc/dev/atmega32a/avr5/crtatmega32a.o
 .debug_line    0x00000116      0x42c APP/APP_1.o
 .debug_line    0x00000542      0x21d ECUAL_1/Keypad_Driver/keypad.o
 .debug_line    0x0000075f      0x39d ECUAL_1/LCD_Driver/lcd.o
 .debug_line    0x00000afc       0x65 main_MCU_1.o
 .debug_line    0x00000b61      0x202 MCAL_1/DIO_Driver_1/DIO_1.o
 .debug_line    0x00000d63      0x10b MCAL_1/Internal_EEPROM_Driver/internal_eeprom.o
 .debug_line    0x00000e6e      0x204 MCAL_1/UART_Driver_1/UART_1.o

.debug_frame    0x00000000      0x31c
 *(.debug_frame)
 .debug_frame   0x00000000       0x64 APP/APP_1.o
 .debug_frame   0x00000064       0x64 ECUAL_1/Keypad_Driver/keypad.o
 .debug_frame   0x000000c8      0x124 ECUAL_1/LCD_Driver/lcd.o
 .debug_frame   0x000001ec       0x24 main_MCU_1.o
 .debug_frame   0x00000210       0x54 MCAL_1/DIO_Driver_1/DIO_1.o
 .debug_frame   0x00000264       0x34 MCAL_1/Internal_EEPROM_Driver/internal_eeprom.o
 .debug_frame   0x00000298       0x84 MCAL_1/UART_Driver_1/UART_1.o

.debug_str      0x00000000      0x77b
 *(.debug_str)
 .debug_str     0x00000000      0x196 D:/IDEs/Microchip studio/7.0/Packs/atmel/ATmega_DFP/1.6.364/gcc/dev/atmega32a/avr5/crtatmega32a.o
 .debug_str     0x00000196      0x362 APP/APP_1.o
                                0x3ac (size before relaxing)
 .debug_str     0x000004f8       0x72 ECUAL_1/Keypad_Driver/keypad.o
                                0x237 (size before relaxing)
 .debug_str     0x0000056a      0x123 ECUAL_1/LCD_Driver/lcd.o
                                0x3cb (size before relaxing)
 .debug_str     0x0000068d       0x17 main_MCU_1.o
                                0x178 (size before relaxing)
 .debug_str     0x000006a4       0x43 MCAL_1/DIO_Driver_1/DIO_1.o
                                0x1bb (size before relaxing)
 .debug_str     0x000006e7       0x41 MCAL_1/Internal_EEPROM_Driver/internal_eeprom.o
                                0x1b6 (size before relaxing)
 .debug_str     0x00000728       0x53 MCAL_1/UART_Driver_1/UART_1.o
                                0x1fc (size before relaxing)

.debug_loc      0x00000000      0x9dc
 *(.debug_loc)
 .debug_loc     0x00000000      0x1f7 APP/APP_1.o
 .debug_loc     0x000001f7      0x184 ECUAL_1/Keypad_Driver/keypad.o
 .debug_loc     0x0000037b      0x291 ECUAL_1/LCD_Driver/lcd.o
 .debug_loc     0x0000060c      0x278 MCAL_1/DIO_Driver_1/DIO_1.o
 .debug_loc     0x00000884       0x42 MCAL_1/Internal_EEPROM_Driver/internal_eeprom.o
 .debug_loc     0x000008c6      0x116 MCAL_1/UART_Driver_1/UART_1.o

.debug_macinfo
 *(.debug_macinfo)

.debug_weaknames
 *(.debug_weaknames)

.debug_funcnames
 *(.debug_funcnames)

.debug_typenames
 *(.debug_typenames)

.debug_varnames
 *(.debug_varnames)

.debug_pubtypes
 *(.debug_pubtypes)

.debug_ranges   0x00000000      0x170
 *(.debug_ranges)
 .debug_ranges  0x00000000       0x30 APP/APP_1.o
 .debug_ranges  0x00000030       0x30 ECUAL_1/Keypad_Driver/keypad.o
 .debug_ranges  0x00000060       0x88 ECUAL_1/LCD_Driver/lcd.o
 .debug_ranges  0x000000e8       0x10 main_MCU_1.o
 .debug_ranges  0x000000f8       0x28 MCAL_1/DIO_Driver_1/DIO_1.o
 .debug_ranges  0x00000120       0x18 MCAL_1/Internal_EEPROM_Driver/internal_eeprom.o
 .debug_ranges  0x00000138       0x38 MCAL_1/UART_Driver_1/UART_1.o

.debug_macro
 *(.debug_macro)
OUTPUT(MCU_1.elf elf32-avr)
LOAD linker stubs
